Component: ARM Compiler 5.06 update 7 (build 960) Tool: armlink [4d3601]

==============================================================================

Section Cross References

    main.o(i.Test) refers to main.o(i.nrf_gpio_pin_write) for nrf_gpio_pin_write
    main.o(i.Test) refers to main.o(.data) for .data
    main.o(i.assert_nrf_callback) refers to app_error_handler_keil.o(.emb_text) for app_error_handler
    main.o(i.bleCheckStatus2enablePdm) refers to nrfx_pdm.o(i.nrfx_pdm_stop) for nrfx_pdm_stop
    main.o(i.bleCheckStatus2enablePdm) refers to nrfx_pdm.o(i.nrfx_pdm_start) for nrfx_pdm_start
    main.o(i.bleCheckStatus2enablePdm) refers to main.o(.data) for .data
    main.o(i.ble_evt_handler) refers to nrf_log_frontend.o(i.nrf_log_frontend_std_0) for nrf_log_frontend_std_0
    main.o(i.ble_evt_handler) refers to bsp.o(i.bsp_indication_set) for bsp_indication_set
    main.o(i.ble_evt_handler) refers to app_error.o(i.app_error_handler_bare) for app_error_handler_bare
    main.o(i.ble_evt_handler) refers to nrf_ble_qwr.o(i.nrf_ble_qwr_conn_handle_assign) for nrf_ble_qwr_conn_handle_assign
    main.o(i.ble_evt_handler) refers to main.o(.data) for .data
    main.o(i.ble_evt_handler) refers to nrf_log_frontend.o(log_const_data) for m_nrf_log_app_logs_data_const
    main.o(i.ble_evt_handler) refers to main.o(.bss) for .bss
    main.o(i.bsp_event_handler) refers to ble_advertising.o(i.ble_advertising_restart_without_whitelist) for ble_advertising_restart_without_whitelist
    main.o(i.bsp_event_handler) refers to app_error.o(i.app_error_handler_bare) for app_error_handler_bare
    main.o(i.bsp_event_handler) refers to main.o(.data) for .data
    main.o(i.bsp_event_handler) refers to main.o(.bss) for .bss
    main.o(i.conn_params_error_handler) refers to app_error.o(i.app_error_handler_bare) for app_error_handler_bare
    main.o(i.gatt_evt_handler) refers to nrf_log_frontend.o(i.nrf_log_frontend_std_2) for nrf_log_frontend_std_2
    main.o(i.gatt_evt_handler) refers to main.o(.data) for .data
    main.o(i.gatt_evt_handler) refers to nrf_log_frontend.o(log_const_data) for m_nrf_log_app_logs_data_const
    main.o(i.gatt_init) refers to nrf_ble_gatt.o(i.nrf_ble_gatt_init) for nrf_ble_gatt_init
    main.o(i.gatt_init) refers to app_error.o(i.app_error_handler_bare) for app_error_handler_bare
    main.o(i.gatt_init) refers to nrf_ble_gatt.o(i.nrf_ble_gatt_att_mtu_periph_set) for nrf_ble_gatt_att_mtu_periph_set
    main.o(i.gatt_init) refers to main.o(i.gatt_evt_handler) for gatt_evt_handler
    main.o(i.gatt_init) refers to main.o(.bss) for .bss
    main.o(i.main) refers to nrfx_pdm.o(i.nrfx_pdm_init) for nrfx_pdm_init
    main.o(i.main) refers to nrfx_pdm.o(i.nrfx_pdm_stop) for nrfx_pdm_stop
    main.o(i.main) refers to queue.o(i.queueInit) for queueInit
    main.o(i.main) refers to nrf_log_frontend.o(i.nrf_log_init) for nrf_log_init
    main.o(i.main) refers to app_error.o(i.app_error_handler_bare) for app_error_handler_bare
    main.o(i.main) refers to nrf_log_default_backends.o(i.nrf_log_default_backends_init) for nrf_log_default_backends_init
    main.o(i.main) refers to main.o(i.nrf_delay_ms) for nrf_delay_ms
    main.o(i.main) refers to app_timer.o(i.app_timer_init) for app_timer_init
    main.o(i.main) refers to nrf_pwr_mgmt.o(i.nrf_pwr_mgmt_init) for nrf_pwr_mgmt_init
    main.o(i.main) refers to nrf_sdh.o(i.nrf_sdh_enable_request) for nrf_sdh_enable_request
    main.o(i.main) refers to nrf_sdh_ble.o(i.nrf_sdh_ble_default_cfg_set) for nrf_sdh_ble_default_cfg_set
    main.o(i.main) refers to nrf_sdh_ble.o(i.nrf_sdh_ble_enable) for nrf_sdh_ble_enable
    main.o(i.main) refers to main.o(i.gatt_init) for gatt_init
    main.o(i.main) refers to nrf_ble_qwr.o(i.nrf_ble_qwr_init) for nrf_ble_qwr_init
    main.o(i.main) refers to ble_nus.o(i.ble_nus_init) for ble_nus_init
    main.o(i.main) refers to memseta.o(.text) for __aeabi_memclr4
    main.o(i.main) refers to ble_advertising.o(i.ble_advertising_init) for ble_advertising_init
    main.o(i.main) refers to ble_advertising.o(i.ble_advertising_conn_cfg_tag_set) for ble_advertising_conn_cfg_tag_set
    main.o(i.main) refers to ble_conn_params.o(i.ble_conn_params_init) for ble_conn_params_init
    main.o(i.main) refers to ble_advertising.o(i.ble_advertising_start) for ble_advertising_start
    main.o(i.main) refers to main.o(i.nrf_gpio_pin_port_decode) for nrf_gpio_pin_port_decode
    main.o(i.main) refers to main.o(i.nrf_gpio_pin_write) for nrf_gpio_pin_write
    main.o(i.main) refers to nrf_log_frontend.o(i.nrf_log_frontend_std_0) for nrf_log_frontend_std_0
    main.o(i.main) refers to app_timer.o(i.app_timer_cnt_get) for app_timer_cnt_get
    main.o(i.main) refers to nrf_log_frontend.o(i.nrf_log_frontend_dequeue) for nrf_log_frontend_dequeue
    main.o(i.main) refers to nrf_pwr_mgmt.o(i.nrf_pwr_mgmt_run) for nrf_pwr_mgmt_run
    main.o(i.main) refers to main.o(i.bleCheckStatus2enablePdm) for bleCheckStatus2enablePdm
[...]
    .data                                    0x20002a98   Section        8  main.o(.data)
    m_nus_link_ctx_storage                   0x20002a98   Data           8  main.o(.data)
    .data                                    0x20002aa0   Section       76  main.o(.data)
    ble_statusOld                            0x20002aa2   Data           1  main.o(.data)
    ledValue                                 0x20002aa3   Data           1  main.o(.data)
    m_conn_handle                            0x20002aa6   Data           2  main.o(.data)
    m_ble_nus_max_data_len                   0x20002aa8   Data           2  main.o(.data)
    m_adv_uuids                              0x20002aaa   Data           4  main.o(.data)
    timeTickCount                            0x20002ab8   Data           4  main.o(.data)
    m_nus                                    0x20002ac4   Data          28  main.o(.data)
    .data                                    0x20002aec   Section        4  main.o(.data)
    m_nus_link_ctx_storage_ctx_data_pool     0x20002aec   Data           4  main.o(.data)
    .data                                    0x20002af0   Section        2  queue.o(.data)
    .data                                    0x20002af4   Section       16  bsp.o(.data)
    m_stable_state                           0x20002af4   Data           1  bsp.o(.data)
    m_leds_clear                             0x20002af5   Data           1  bsp.o(.data)
    m_alert_on                               0x20002af6   Data           1  bsp.o(.data)
    current_long_push_pin_no                 0x20002af7   Data           1  bsp.o(.data)
    m_indication_type                        0x20002af8   Data           4  bsp.o(.data)
    m_registered_callback                    0x20002afc   Data           4  bsp.o(.data)
    release_event_at_push                    0x20002b00   Data           4  bsp.o(.data)
    .data                                    0x20002b04   Section        8  bsp_btn_ble.o(.data)
    m_error_handler                          0x20002b04   Data           4  bsp_btn_ble.o(.data)
    m_num_connections                        0x20002b08   Data           4  bsp_btn_ble.o(.data)
    .data                                    0x20002b0c   Section        8  ble_conn_params.o(.data)
    m_preferred_conn_params                  0x20002b0c   Data           8  ble_conn_params.o(.data)
    .data                                    0x20002b14   Section       20  nrf_drv_uart.o(.data)
    m_handlers                               0x20002b18   Data           8  nrf_drv_uart.o(.data)
    m_contexts                               0x20002b20   Data           8  nrf_drv_uart.o(.data)
    .data                                    0x20002b28   Section        8  nrfx_clock.o(.data)
    m_clock_cb                               0x20002b28   Data           8  nrfx_clock.o(.data)
    .data                                    0x20002b30   Section        8  nrfx_prs.o(.data)
    m_prs_box_4                              0x20002b30   Data           8  nrfx_prs.o(.data)
    .data                                    0x20002b38   Section       20  app_timer.o(.data)
    m_ticks_elapsed_q_read_ind               0x20002b38   Data           1  app_timer.o(.data)
    m_ticks_elapsed_q_write_ind              0x20002b39   Data           1  app_timer.o(.data)
    m_rtc1_running                           0x20002b3a   Data           1  app_timer.o(.data)
    m_rtc1_reset                             0x20002b3b   Data           1  app_timer.o(.data)
    mp_timer_id_head                         0x20002b3c   Data           4  app_timer.o(.data)
    m_ticks_latest                           0x20002b40   Data           4  app_timer.o(.data)
    m_ticks_elapsed                          0x20002b44   Data           8  app_timer.o(.data)
    .data                                    0x20002b4c   Section       28  app_uart_fifo.o(.data)
    tx_buffer                                0x20002b4c   Data           1  app_uart_fifo.o(.data)
    rx_buffer                                0x20002b4d   Data           1  app_uart_fifo.o(.data)
    m_rx_ovf                                 0x20002b4e   Data           1  app_uart_fifo.o(.data)
    m_event_handler                          0x20002b50   Data           4  app_uart_fifo.o(.data)
    app_uart_inst                            0x20002b54   Data          20  app_uart_fifo.o(.data)
    .data                                    0x20002b68   Section        8  nrf_pwr_mgmt.o(.data)
    m_pwr_mgmt_evt                           0x20002b68   Data           1  nrf_pwr_mgmt.o(.data)
    m_shutdown_started                       0x20002b69   Data           1  nrf_pwr_mgmt.o(.data)
    m_sysoff_mtx                             0x20002b6c   Data           4  nrf_pwr_mgmt.o(.data)
    .data                                    0x20002b70   Section        1  nrf_log_backend_rtt.o(.data)
    m_host_present                           0x20002b70   Data           1  nrf_log_backend_rtt.o(.data)
    .data                                    0x20002b74   Section        8  nrf_log_default_backends.o(.data)
    log_backend_cb_rtt_log_backend           0x20002b74   Data           8  nrf_log_default_backends.o(.data)
    .data                                    0x20002b7c   Section        8  nrf_log_frontend.o(.data)
    log_mempool_nrf_balloc_pool_stack        0x20002b7c   Data           8  nrf_log_frontend.o(.data)
    .data                                    0x20002b84   Section        8  nrf_log_frontend.o(.data)
    log_mempool_nrf_balloc_cb                0x20002b84   Data           8  nrf_log_frontend.o(.data)
    .data                                    0x20002b8c   Section       64  nrf_log_str_formatter.o(.data)
    m_freq                                   0x20002b8c   Data           4  nrf_log_str_formatter.o(.data)
    m_timestamp_div                          0x20002b90   Data           4  nrf_log_str_formatter.o(.data)
    severity_names                           0x20002b94   Data          20  nrf_log_str_formatter.o(.data)
    m_colors                                 0x20002ba8   Data          36  nrf_log_str_formatter.o(.data)
    .data                                    0x20002bcc   Section        3  nrf_sdh.o(.data)
    m_nrf_sdh_enabled                        0x20002bcc   Data           1  nrf_sdh.o(.data)
    m_nrf_sdh_suspended                      0x20002bcd   Data           1  nrf_sdh.o(.data)
    m_nrf_sdh_continue                       0x20002bce   Data           1  nrf_sdh.o(.data)
    .data                                    0x20002bcf   Section        1  nrf_sdh_ble.o(.data)
    m_stack_is_enabled                       0x20002bcf   Data           1  nrf_sdh_ble.o(.data)
    .data                                    0x20002bd0   Section        4  system_nrf52840.o(.data)
    __tagsym$$used                           0x20002bd0   Number         0  system_nrf52840.o(.data)
    .bss                                     0x20002bd4   Section     1032  main.o(.bss)
    m_gatt                                   0x20002bd4   Data          20  main.o(.bss)
    m_qwr                                    0x20002be8   Data          12  main.o(.bss)
    m_advertising                            0x20002bf4   Data         600  main.o(.bss)
    .bss                                     0x20002fdc   Section     2020  queue.o(.bss)
    .bss                                     0x200037c0   Section       32  bsp.o(.bss)
    m_bsp_leds_tmr_data                      0x200037c0   Data          32  bsp.o(.bss)
    .bss                                     0x200037e0   Section       32  bsp.o(.bss)
    m_bsp_alert_tmr_data                     0x200037e0   Data          32  bsp.o(.bss)
    .bss                                     0x20003800   Section       12  bsp.o(.bss)
    m_events_list                            0x20003800   Data          12  bsp.o(.bss)
    .bss                                     0x2000380c   Section       32  bsp.o(.bss)
    m_bsp_button_tmr_data                    0x2000380c   Data          32  bsp.o(.bss)
    .bss                                     0x2000382c   Section       80  ble_conn_params.o(.bss)
    m_timer_data                             0x2000382c   Data          32  ble_conn_params.o(.bss)
    m_conn_params_instances                  0x2000384c   Data          20  ble_conn_params.o(.bss)
    m_conn_params_config                     0x20003860   Data          28  ble_conn_params.o(.bss)
    .bss                                     0x2000387c   Section      120  ble_conn_state.o(.bss)
    m_bcs                                    0x2000387c   Data         120  ble_conn_state.o(.bss)
    .bss                                     0x200038f4   Section       20  nrf_drv_clock.o(.bss)
    m_clock_cb                               0x200038f4   Data          20  nrf_drv_clock.o(.bss)
    .bss                                     0x20003908   Section      108  nrfx_gpiote.o(.bss)
    m_cb                                     0x20003908   Data         108  nrfx_gpiote.o(.bss)
    .bss                                     0x20003974   Section       44  nrfx_uart.o(.bss)
    m_cb                                     0x20003974   Data          44  nrfx_uart.o(.bss)
    .bss                                     0x200039a0   Section       36  nrfx_uarte.o(.bss)
    m_cb                                     0x200039a0   Data          36  nrfx_uarte.o(.bss)
    .bss                                     0x200039c4   Section       24  nrfx_pdm.o(.bss)
    m_cb                                     0x200039c4   Data          24  nrfx_pdm.o(.bss)
    .bss                                     0x200039dc   Section      268  app_timer.o(.bss)
    m_op_queue                               0x200039dc   Data         268  app_timer.o(.bss)
    .bss                                     0x20003ae8   Section       32  app_uart_fifo.o(.bss)
    m_rx_fifo                                0x20003ae8   Data          16  app_uart_fifo.o(.bss)
    m_tx_fifo                                0x20003af8   Data          16  app_uart_fifo.o(.bss)
    .bss                                     0x20003b08   Section       12  app_util_platform.o(.bss)
    .bss                                     0x20003b14   Section       12  nrf_pwr_mgmt.o(.bss)
    m_handlers_iter                          0x20003b14   Data          12  nrf_pwr_mgmt.o(.bss)
    .bss                                     0x20003b20   Section       64  nrf_log_backend_rtt.o(.bss)
    m_string_buff                            0x20003b20   Data          64  nrf_log_backend_rtt.o(.bss)
    .bss                                     0x20003b60   Section      192  nrf_log_frontend.o(.bss)
    log_mempool_nrf_balloc_pool_mem          0x20003b60   Data         192  nrf_log_frontend.o(.bss)
    .bss                                     0x20003c20   Section      128  nrf_log_frontend.o(.bss)
    m_log_push_ringbuf_buf                   0x20003c20   Data         128  nrf_log_frontend.o(.bss)
    .bss                                     0x20003ca0   Section       24  nrf_log_frontend.o(.bss)
    m_log_push_ringbuf_cb                    0x20003ca0   Data          24  nrf_log_frontend.o(.bss)
    .bss                                     0x20003cb8   Section     1060  nrf_log_frontend.o(.bss)
    m_log_data                               0x20003cb8   Data        1060  nrf_log_frontend.o(.bss)
    .bss                                     0x200040dc   Section      648  segger_rtt.o(.bss)
    _acUpBuffer                              0x20004154   Data         512  segger_rtt.o(.bss)
    _acDownBuffer                            0x20004354   Data          16  segger_rtt.o(.bss)
    STACK                                    0x20004368   Section     8192  arm_startup_nrf52840.o(STACK)

    Global Symbols

    Symbol Name                              Value     Ov Type        Size  Object(Section)

    BuildAttributes$$THM_ISAv4$E$P$D$K$B$S$7EM$VFPi3$EXTD16$VFPS$VFMA$PE$A:L22UL41UL21$X:L11$S22US41US21$IEEE1$IW$USESV6$~STKCKD$USESV7$~SHL$OSPACE$EBA8$MICROLIB$REQ8$EABIv2 0x00000000   Number         0  anon$$obj.o ABSOLUTE
    __ARM_use_no_argv                        0x00000000   Number         0  main.o ABSOLUTE
    __arm_fini_                               - Undefined Weak Reference
    __cpp_initialize__aeabi_                  - Undefined Weak Reference
    __cxa_finalize                            - Undefined Weak Reference
    _clock_init                               - Undefined Weak Reference
    _microlib_exit                            - Undefined Weak Reference
    log_dynamic_data$$Base                    - Undefined Reference
    pwr_mgmt_data0$$Base                      - Undefined Reference
    pwr_mgmt_data0$$Limit                     - Undefined Reference
    pwr_mgmt_data1$$Base                      - Undefined Reference
    pwr_mgmt_data1$$Limit                     - Undefined Reference
    pwr_mgmt_data2$$Base                      - Undefined Reference
    pwr_mgmt_data2$$Limit                     - Undefined Reference
    sdh_req_observers0$$Base                  - Undefined Reference
    sdh_req_observers0$$Limit                 - Undefined Reference
    sdh_req_observers1$$Base                  - Undefined Reference
    sdh_req_observers1$$Limit                 - Undefined Reference
    sdh_stack_observers1$$Base                - Undefined Reference
    sdh_stack_observers1$$Limit               - Undefined Reference
    sdh_state_observers1$$Base                - Undefined Reference
    sdh_state_observers1$$Limit               - Undefined Reference
    __Vectors_Size                           0x00000200   Number         0  arm_startup_nrf52840.o ABSOLUTE
    __Vectors                                0x00026000   Data           4  arm_startup_nrf52840.o(RESET)
    __Vectors_End                            0x00026200   Data           0  arm_startup_nrf52840.o(RESET)
    __main                                   0x00026201   Thumb Code     0  entry.o(.ARM.Collect$$$$00000000)
    _main_stk                                0x00026201   Thumb Code     0  entry2.o(.ARM.Collect$$$$00000001)
    _main_scatterload                        0x00026205   Thumb Code     0  entry5.o(.ARM.Collect$$$$00000004)
    __main_after_scatterload                 0x00026209   Thumb Code     0  entry5.o(.ARM.Collect$$$$00000004)
    _main_clock                              0x00026209   Thumb Code     0  entry7b.o(.ARM.Collect$$$$00000008)
    _main_cpp_init                           0x00026209   Thumb Code     0  entry8b.o(.ARM.Collect$$$$0000000A)
    _main_init                               0x00026209   Thumb Code     0  entry9a.o(.ARM.Collect$$$$0000000B)
    __rt_lib_shutdown_fini                   0x00026211   Thumb Code     0  entry12b.o(.ARM.Collect$$$$0000000E)
    __rt_final_cpp                           0x00026215   Thumb Code     0  entry10a.o(.ARM.Collect$$$$0000000F)
    __rt_final_exit                          0x00026215   Thumb Code     0  entry11a.o(.ARM.Collect$$$$00000011)
    __asm___12_nrf_atomic_c_85ca2469__nrf_atomic_internal_mov 0x00026219   Thumb Code    24  nrf_atomic.o(.emb_text)
    __asm___12_nrf_atomic_c_85ca2469__nrf_atomic_internal_orr 0x00026231   Thumb Code    26  nrf_atomic.o(.emb_text)
    __asm___12_nrf_atomic_c_85ca2469__nrf_atomic_internal_and 0x0002624b   Thumb Code    26  nrf_atomic.o(.emb_text)
    __asm___12_nrf_atomic_c_85ca2469__nrf_atomic_internal_eor 0x00026265   Thumb Code    26  nrf_atomic.o(.emb_text)
    __asm___12_nrf_atomic_c_85ca2469__nrf_atomic_internal_add 0x0002627f   Thumb Code    26  nrf_atomic.o(.emb_text)
    __asm___12_nrf_atomic_c_85ca2469__nrf_atomic_internal_sub 0x00026299   Thumb Code    26  nrf_atomic.o(.emb_text)
    __asm___12_nrf_atomic_c_85ca2469__nrf_atomic_internal_cmp_exch 0x000262b3   Thumb Code    42  nrf_atomic.o(.emb_text)
    __asm___12_nrf_atomic_c_85ca2469__nrf_atomic_internal_sub_hs 0x000262dd   Thumb Code    30  nrf_atomic.o(.emb_text)
    Reset_Handler                            0x000262fd   Thumb Code     8  arm_startup_nrf52840.o(.text)
    NMI_Handler                              0x00026305   Thumb Code     2  arm_startup_nrf52840.o(.text)
    HardFault_Handler                        0x00026307   Thumb Code     2  arm_startup_nrf52840.o(.text)
    MemoryManagement_Handler                 0x00026309   Thumb Code     2  arm_startup_nrf52840.o(.text)
    BusFault_Handler                         0x0002630b   Thumb Code     2  arm_startup_nrf52840.o(.text)
    UsageFault_Handler                       0x0002630d   Thumb Code     2  arm_startup_nrf52840.o(.text)
    SVC_Handler                              0x0002630f   Thumb Code     2  arm_startup_nrf52840.o(.text)
    DebugMon_Handler                         0x00026311   Thumb Code     2  arm_startup_nrf52840.o(.text)
    PendSV_Handler                           0x00026313   Thumb Code     2  arm_startup_nrf52840.o(.text)
    SysTick_Handler                          0x00026315   Thumb Code     2  arm_startup_nrf52840.o(.text)
    CCM_AAR_IRQHandler                       0x00026317   Thumb Code     0  arm_startup_nrf52840.o(.text)
    COMP_LPCOMP_IRQHandler                   0x00026317   Thumb Code     0  arm_startup_nrf52840.o(.text)
    CRYPTOCELL_IRQHandler                    0x00026317   Thumb Code     0  arm_startup_nrf52840.o(.text)
    ECB_IRQHandler                           0x00026317   Thumb Code     0  arm_startup_nrf52840.o(.text)
    FPU_IRQHandler                           0x00026317   Thumb Code     0  arm_startup_nrf52840.o(.text)
    I2S_IRQHandler                           0x00026317   Thumb Code     0  arm_startup_nrf52840.o(.text)
    MWU_IRQHandler                           0x00026317   Thumb Code     0  arm_startup_nrf52840.o(.text)
    NFCT_IRQHandler                          0x00026317   Thumb Code     0  arm_startup_nrf52840.o(.text)
    PWM0_IRQHandler                          0x00026317   Thumb Code     0  arm_startup_nrf52840.o(.text)
    PWM1_IRQHandler                          0x00026317   Thumb Code     0  arm_startup_nrf52840.o(.text)
    PWM2_IRQHandler                          0x00026317   Thumb Code     0  arm_startup_nrf52840.o(.text)
    PWM3_IRQHandler                          0x00026317   Thumb Code     0  arm_startup_nrf52840.o(.text)
    QDEC_IRQHandler                          0x00026317   Thumb Code     0  arm_startup_nrf52840.o(.text)
    QSPI_IRQHandler                          0x00026317   Thumb Code     0  arm_startup_nrf52840.o(.text)
    RADIO_IRQHandler                         0x00026317   Thumb Code     0  arm_startup_nrf52840.o(.text)
    RNG_IRQHandler                           0x00026317   Thumb Code     0  arm_startup_nrf52840.o(.text)
    RTC0_IRQHandler                          0x00026317   Thumb Code     0  arm_startup_nrf52840.o(.text)
    RTC2_IRQHandler                          0x00026317   Thumb Code     0  arm_startup_nrf52840.o(.text)
    SAADC_IRQHandler                         0x00026317   Thumb Code     0  arm_startup_nrf52840.o(.text)
    SPIM0_SPIS0_TWIM0_TWIS0_SPI0_TWI0_IRQHandler 0x00026317   Thumb Code     0  arm_startup_nrf52840.o(.text)
    SPIM1_SPIS1_TWIM1_TWIS1_SPI1_TWI1_IRQHandler 0x00026317   Thumb Code     0  arm_startup_nrf52840.o(.text)
    SPIM2_SPIS2_SPI2_IRQHandler              0x00026317   Thumb Code     0  arm_startup_nrf52840.o(.text)
    SPIM3_IRQHandler                         0x00026317   Thumb Code     0  arm_startup_nrf52840.o(.text)
    SWI1_EGU1_IRQHandler                     0x00026317   Thumb Code     0  arm_startup_nrf52840.o(.text)
    SWI3_EGU3_IRQHandler                     0x00026317   Thumb Code     0  arm_startup_nrf52840.o(.text)
    SWI4_EGU4_IRQHandler                     0x00026317   Thumb Code     0  arm_startup_nrf52840.o(.text)
    SWI5_EGU5_IRQHandler                     0x00026317   Thumb Code     0  arm_startup_nrf52840.o(.text)
    TEMP_IRQHandler                          0x00026317   Thumb Code     0  arm_startup_nrf52840.o(.text)
    TIMER0_IRQHandler                        0x00026317   Thumb Code     0  arm_startup_nrf52840.o(.text)
    TIMER1_IRQHandler                        0x00026317   Thumb Code     0  arm_startup_nrf52840.o(.text)
    TIMER2_IRQHandler                        0x00026317   Thumb Code     0  arm_startup_nrf52840.o(.text)
    TIMER3_IRQHandler                        0x00026317   Thumb Code     0  arm_startup_nrf52840.o(.text)
    TIMER4_IRQHandler                        0x00026317   Thumb Code     0  arm_startup_nrf52840.o(.text)
    UARTE1_IRQHandler                        0x00026317   Thumb Code     0  arm_startup_nrf52840.o(.text)
    USBD_IRQHandler                          0x00026317   Thumb Code     0  arm_startup_nrf52840.o(.text)
    WDT_IRQHandler                           0x00026317   Thumb Code     0  arm_startup_nrf52840.o(.text)
    __aeabi_uldivmod                         0x00026321   Thumb Code    98  uldiv.o(.text)
    __aeabi_llsl                             0x00026383   Thumb Code    30  llshl.o(.text)
    _ll_shift_l                              0x00026383   Thumb Code     0  llshl.o(.text)
    __rt_ctype_table                         0x000263a1   Thumb Code     4  ctype_o.o(.text)
    __aeabi_memcpy                           0x000263a9   Thumb Code    36  memcpya.o(.text)
    __aeabi_memcpy4                          0x000263a9   Thumb Code     0  memcpya.o(.text)
    __aeabi_memcpy8                          0x000263a9   Thumb Code     0  memcpya.o(.text)
    __aeabi_memset                           0x000263cd   Thumb Code    14  memseta.o(.text)
    __aeabi_memset4                          0x000263cd   Thumb Code     0  memseta.o(.text)
    __aeabi_memset8                          0x000263cd   Thumb Code     0  memseta.o(.text)
    __aeabi_memclr                           0x000263db   Thumb Code     4  memseta.o(.text)
    __aeabi_memclr4                          0x000263db   Thumb Code     0  memseta.o(.text)
    __aeabi_memclr8                          0x000263db   Thumb Code     0  memseta.o(.text)
    _memset$wrapper                          0x000263df   Thumb Code    18  memseta.o(.text)
    strlen                                   0x000263f1   Thumb Code    14  strlen.o(.text)
    strcpy                                   0x000263ff   Thumb Code    18  strcpy.o(.text)
    __aeabi_llsr                             0x00026411   Thumb Code    32  llushr.o(.text)
    _ll_ushift_r                             0x00026411   Thumb Code     0  llushr.o(.text)
    __scatterload                            0x00026431   Thumb Code    28  init.o(.text)
    __scatterload_rt2                        0x00026431   Thumb Code     0  init.o(.text)
    __decompress                             0x00026455   Thumb Code     0  __dczerorl2.o(.text)
    __decompress1                            0x00026455   Thumb Code    86  __dczerorl2.o(.text)
    GPIOTE_IRQHandler                        0x000264ad   Thumb Code   428  nrfx_gpiote.o(i.GPIOTE_IRQHandler)
    PDM_IRQHandler                           0x000266c5   Thumb Code   224  nrfx_pdm.o(i.PDM_IRQHandler)
    POWER_CLOCK_IRQHandler                   0x000267b1   Thumb Code    82  nrfx_clock.o(i.POWER_CLOCK_IRQHandler)
    RTC1_IRQHandler                          0x00026809   Thumb Code    32  app_timer.o(i.RTC1_IRQHandler)
    SEGGER_RTT_Init                          0x0002682d   Thumb Code     4  segger_rtt.o(i.SEGGER_RTT_Init)
    SEGGER_RTT_WriteNoLock                   0x00026831   Thumb Code    86  segger_rtt.o(i.SEGGER_RTT_WriteNoLock)
    SWI0_EGU0_IRQHandler                     0x0002688d   Thumb Code     4  app_timer.o(i.SWI0_EGU0_IRQHandler)
    SWI2_EGU2_IRQHandler                     0x00026891   Thumb Code     4  nrf_sdh.o(i.SWI2_EGU2_IRQHandler)
    SystemInit                               0x00026895   Thumb Code   416  system_nrf52840.o(i.SystemInit)
    UARTE0_UART0_IRQHandler                  0x00026a71   Thumb Code     6  nrfx_prs.o(i.UARTE0_UART0_IRQHandler)
    __scatterload_copy                       0x00026bb1   Thumb Code    14  handlers.o(i.__scatterload_copy)
    __scatterload_null                       0x00026bbf   Thumb Code     2  handlers.o(i.__scatterload_null)
    __scatterload_zeroinit                   0x00026bc1   Thumb Code    14  handlers.o(i.__scatterload_zeroinit)
    app_error_fault_handler                  0x00026c2d   Thumb Code    86  app_error_weak.o(i.app_error_fault_handler)
    app_error_handler_bare                   0x00026cb1   Thumb Code    22  app_error.o(i.app_error_handler_bare)
    app_fifo_get                             0x00026cc7   Thumb Code    22  app_fifo.o(i.app_fifo_get)
    app_fifo_put                             0x00026cdd   Thumb Code    26  app_fifo.o(i.app_fifo_put)
    app_timer_cnt_get                        0x00026cf9   Thumb Code     6  app_timer.o(i.app_timer_cnt_get)
    app_timer_create                         0x00026d05   Thumb Code    36  app_timer.o(i.app_timer_create)
    app_timer_init                           0x00026d2d   Thumb Code    70  app_timer.o(i.app_timer_init)
    app_timer_start                          0x00026d81   Thumb Code   128  app_timer.o(i.app_timer_start)
    app_timer_stop                           0x00026e09   Thumb Code    26  app_timer.o(i.app_timer_stop)
    app_uart_put                             0x00026e29   Thumb Code    70  app_uart_fifo.o(i.app_uart_put)
    app_util_critical_region_enter           0x00026e7d   Thumb Code    64  app_util_platform.o(i.app_util_critical_region_enter)
    app_util_critical_region_exit            0x00026ec5   Thumb Code    46  app_util_platform.o(i.app_util_critical_region_exit)
    blcm_link_ctx_get                        0x00026ef9   Thumb Code    72  ble_link_ctx_manager.o(i.blcm_link_ctx_get)
    bleCheckStatus2enablePdm                 0x00026f41   Thumb Code    28  main.o(i.bleCheckStatus2enablePdm)
    ble_advdata_encode                       0x00026f61   Thumb Code   386  ble_advdata.o(i.ble_advdata_encode)
    ble_advdata_parse                        0x000270e3   Thumb Code    32  ble_advdata.o(i.ble_advdata_parse)
    ble_advdata_search                       0x00027103   Thumb Code    56  ble_advdata.o(i.ble_advdata_search)
    ble_advertising_conn_cfg_tag_set         0x0002713b   Thumb Code     6  ble_advertising.o(i.ble_advertising_conn_cfg_tag_set)
    ble_advertising_init                     0x00027141   Thumb Code   268  ble_advertising.o(i.ble_advertising_init)
    ble_advertising_on_ble_evt               0x0002724d   Thumb Code   106  ble_advertising.o(i.ble_advertising_on_ble_evt)
    ble_advertising_on_sys_evt               0x000272b7   Thumb Code     2  ble_advertising.o(i.ble_advertising_on_sys_evt)
    ble_advertising_start                    0x000272b9   Thumb Code   556  ble_advertising.o(i.ble_advertising_start)
    ble_conn_params_init                     0x000274e5   Thumb Code    90  ble_conn_params.o(i.ble_conn_params_init)
    ble_conn_state_conn_idx                  0x0002754d   Thumb Code    18  ble_conn_state.o(i.ble_conn_state_conn_idx)
    ble_conn_state_valid                     0x00027561   Thumb Code    16  ble_conn_state.o(i.ble_conn_state_valid)
    ble_nus_data_send                        0x00027925   Thumb Code   102  ble_nus.o(i.ble_nus_data_send)
    ble_nus_init                             0x0002798d   Thumb Code   206  ble_nus.o(i.ble_nus_init)
    ble_nus_on_ble_evt                       0x00027a61   Thumb Code   114  ble_nus.o(i.ble_nus_on_ble_evt)
    ble_srv_is_notification_enabled          0x00027ad3   Thumb Code     8  ble_srv_common.o(i.ble_srv_is_notification_enabled)
    bsp_board_led_invert                     0x00027add   Thumb Code    40  boards.o(i.bsp_board_led_invert)
    bsp_board_led_off                        0x00027b09   Thumb Code    10  boards.o(i.bsp_board_led_off)
    bsp_board_led_on                         0x00027b19   Thumb Code    10  boards.o(i.bsp_board_led_on)
    bsp_board_led_state_get                  0x00027b29   Thumb Code    36  boards.o(i.bsp_board_led_state_get)
    bsp_board_leds_off                       0x00027b51   Thumb Code    18  boards.o(i.bsp_board_leds_off)
    bsp_board_leds_on                        0x00027b63   Thumb Code    18  boards.o(i.bsp_board_leds_on)
    bsp_board_pin_to_button_idx              0x00027b75   Thumb Code    30  boards.o(i.bsp_board_pin_to_button_idx)
    bsp_event_to_button_action_assign        0x00027c29   Thumb Code    64  bsp.o(i.bsp_event_to_button_action_assign)
    bsp_indication_set                       0x00027c6d   Thumb Code    20  bsp.o(i.bsp_indication_set)
    buffer_is_empty                          0x00027efd   Thumb Code    16  nrf_log_frontend.o(i.buffer_is_empty)
    characteristic_add                       0x00027f21   Thumb Code   400  ble_srv_common.o(i.characteristic_add)
    conn_handle_list_get                     0x000281a1   Thumb Code    62  ble_conn_state.o(i.conn_handle_list_get)
    convertPDM2Ble                           0x000282b5   Thumb Code    38  main.o(i.convertPDM2Ble)
    gatt_evt_handler                         0x00028441   Thumb Code    52  main.o(i.gatt_evt_handler)
    gatt_init                                0x0002849d   Thumb Code    38  main.o(i.gatt_init)
    main                                     0x000287dd   Thumb Code   480  main.o(i.main)
    nrf_atflags_clear                        0x00028baf   Thumb Code    22  nrf_atflags.o(i.nrf_atflags_clear)
    nrf_atflags_get                          0x00028bc5   Thumb Code    22  nrf_atflags.o(i.nrf_atflags_get)
    nrf_atflags_set                          0x00028bdb   Thumb Code    20  nrf_atflags.o(i.nrf_atflags_set)
    nrf_atomic_flag_clear_fetch              0x00028bef   Thumb Code     6  nrf_atomic.o(i.nrf_atomic_flag_clear_fetch)
    nrf_atomic_flag_set                      0x00028bf5   Thumb Code     6  nrf_atomic.o(i.nrf_atomic_flag_set)
    nrf_atomic_u32_add                       0x00028bfb   Thumb Code    12  nrf_atomic.o(i.nrf_atomic_u32_add)
    nrf_atomic_u32_and                       0x00028c07   Thumb Code    12  nrf_atomic.o(i.nrf_atomic_u32_and)
    nrf_atomic_u32_fetch_and                 0x00028c13   Thumb Code    10  nrf_atomic.o(i.nrf_atomic_u32_fetch_and)
    nrf_atomic_u32_fetch_store               0x00028c1d   Thumb Code    10  nrf_atomic.o(i.nrf_atomic_u32_fetch_store)
    nrf_atomic_u32_or                        0x00028c27   Thumb Code    12  nrf_atomic.o(i.nrf_atomic_u32_or)
    nrf_atomic_u32_sub                       0x00028c33   Thumb Code    12  nrf_atomic.o(i.nrf_atomic_u32_sub)
    nrf_balloc_alloc                         0x00028c3f   Thumb Code    68  nrf_balloc.o(i.nrf_balloc_alloc)
    nrf_balloc_free                          0x00028c83   Thumb Code    48  nrf_balloc.o(i.nrf_balloc_free)
    nrf_balloc_init                          0x00028cb3   Thumb Code    48  nrf_balloc.o(i.nrf_balloc_init)
    nrf_ble_gatt_att_mtu_periph_set          0x00028d07   Thumb Code    24  nrf_ble_gatt.o(i.nrf_ble_gatt_att_mtu_periph_set)
    nrf_ble_gatt_init                        0x00028d1f   Thumb Code    34  nrf_ble_gatt.o(i.nrf_ble_gatt_init)
    nrf_ble_gatt_on_ble_evt                  0x00028d41   Thumb Code   270  nrf_ble_gatt.o(i.nrf_ble_gatt_on_ble_evt)
    nrf_ble_qwr_conn_handle_assign           0x00028e91   Thumb Code    22  nrf_ble_qwr.o(i.nrf_ble_qwr_conn_handle_assign)
    nrf_ble_qwr_init                         0x00028ea7   Thumb Code    36  nrf_ble_qwr.o(i.nrf_ble_qwr_init)
    nrf_ble_qwr_on_ble_evt                   0x00028ecb   Thumb Code   182  nrf_ble_qwr.o(i.nrf_ble_qwr_on_ble_evt)
    nrf_drv_clock_init                       0x00028fc1   Thumb Code    48  nrf_drv_clock.o(i.nrf_drv_clock_init)
    nrf_drv_clock_lfclk_release              0x00028ff9   Thumb Code    42  nrf_drv_clock.o(i.nrf_drv_clock_lfclk_release)
    nrf_fprintf                              0x00029049   Thumb Code    26  nrf_fprintf.o(i.nrf_fprintf)
    nrf_fprintf_buffer_flush                 0x00029063   Thumb Code    24  nrf_fprintf.o(i.nrf_fprintf_buffer_flush)
    nrf_fprintf_fmt                          0x0002907b   Thumb Code   474  nrf_fprintf_format.o(i.nrf_fprintf_fmt)
    nrf_log_backend_add                      0x000293c5   Thumb Code    86  nrf_log_frontend.o(i.nrf_log_backend_add)
    nrf_log_backend_rtt_init                 0x00029423   Thumb Code     4  nrf_log_backend_rtt.o(i.nrf_log_backend_rtt_init)
    nrf_log_backend_serial_put               0x00029441   Thumb Code   194  nrf_log_backend_serial.o(i.nrf_log_backend_serial_put)
    nrf_log_color_id_get                     0x00029505   Thumb Code    42  nrf_log_frontend.o(i.nrf_log_color_id_get)
    nrf_log_default_backends_init            0x00029535   Thumb Code    24  nrf_log_default_backends.o(i.nrf_log_default_backends_init)
    nrf_log_frontend_dequeue                 0x00029551   Thumb Code   524  nrf_log_frontend.o(i.nrf_log_frontend_dequeue)
    nrf_log_frontend_std_0                   0x00029781   Thumb Code     8  nrf_log_frontend.o(i.nrf_log_frontend_std_0)
    nrf_log_frontend_std_1                   0x00029789   Thumb Code    14  nrf_log_frontend.o(i.nrf_log_frontend_std_1)
    nrf_log_frontend_std_2                   0x00029797   Thumb Code    16  nrf_log_frontend.o(i.nrf_log_frontend_std_2)
    nrf_log_hexdump_entry_process            0x000297a9   Thumb Code   146  nrf_log_str_formatter.o(i.nrf_log_hexdump_entry_process)
    nrf_log_init                             0x00029855   Thumb Code    46  nrf_log_frontend.o(i.nrf_log_init)
    nrf_log_module_cnt_get                   0x00029891   Thumb Code    10  nrf_log_frontend.o(i.nrf_log_module_cnt_get)
    nrf_log_module_name_get                  0x000298a5   Thumb Code    24  nrf_log_frontend.o(i.nrf_log_module_name_get)
    nrf_log_panic                            0x000298c1   Thumb Code    38  nrf_log_frontend.o(i.nrf_log_panic)
    nrf_log_std_entry_process                0x000298ed   Thumb Code   182  nrf_log_str_formatter.o(i.nrf_log_std_entry_process)
    nrf_memobj_alloc                         0x000299a3   Thumb Code    96  nrf_memobj.o(i.nrf_memobj_alloc)
    nrf_memobj_free                          0x00029a03   Thumb Code    50  nrf_memobj.o(i.nrf_memobj_free)
    nrf_memobj_get                           0x00029a35   Thumb Code     8  nrf_memobj.o(i.nrf_memobj_get)
    nrf_memobj_pool_init                     0x00029a3d   Thumb Code     4  nrf_memobj.o(i.nrf_memobj_pool_init)
    nrf_memobj_put                           0x00029a41   Thumb Code    30  nrf_memobj.o(i.nrf_memobj_put)
    nrf_memobj_read                          0x00029a5f   Thumb Code    16  nrf_memobj.o(i.nrf_memobj_read)
    nrf_memobj_write                         0x00029a6f   Thumb Code    16  nrf_memobj.o(i.nrf_memobj_write)
    nrf_pwr_mgmt_init                        0x00029aa5   Thumb Code    28  nrf_pwr_mgmt.o(i.nrf_pwr_mgmt_init)
    nrf_pwr_mgmt_run                         0x00029acd   Thumb Code    64  nrf_pwr_mgmt.o(i.nrf_pwr_mgmt_run)
    nrf_ringbuf_init                         0x00029b15   Thumb Code    28  nrf_ringbuf.o(i.nrf_ringbuf_init)
    nrf_sdh_ble_app_ram_start_get            0x00029b31   Thumb Code    16  nrf_sdh_ble.o(i.nrf_sdh_ble_app_ram_start_get)
    nrf_sdh_ble_default_cfg_set              0x00029b45   Thumb Code   272  nrf_sdh_ble.o(i.nrf_sdh_ble_default_cfg_set)
    nrf_sdh_ble_enable                       0x00029c75   Thumb Code   116  nrf_sdh_ble.o(i.nrf_sdh_ble_enable)
    nrf_sdh_enable_request                   0x00029e05   Thumb Code   102  nrf_sdh.o(i.nrf_sdh_enable_request)
    nrf_sdh_evts_poll                        0x00029e79   Thumb Code    32  nrf_sdh.o(i.nrf_sdh_evts_poll)
    nrf_sdh_is_enabled                       0x00029e9d   Thumb Code     6  nrf_sdh.o(i.nrf_sdh_is_enabled)
    nrf_section_iter_init                    0x00029ee5   Thumb Code    10  nrf_section_iter.o(i.nrf_section_iter_init)
    nrf_section_iter_next                    0x00029f13   Thumb Code    32  nrf_section_iter.o(i.nrf_section_iter_next)
    nrf_strerror_find                        0x00029f35   Thumb Code    52  nrf_strerror.o(i.nrf_strerror_find)
    nrf_strerror_get                         0x00029f6d   Thumb Code    14  nrf_strerror.o(i.nrf_strerror_get)
    nrfx_clock_enable                        0x00029fad   Thumb Code    38  nrfx_clock.o(i.nrfx_clock_enable)
    nrfx_clock_init                          0x00029fdd   Thumb Code    26  nrfx_clock.o(i.nrfx_clock_init)
    nrfx_clock_lfclk_stop                    0x00029ffd   Thumb Code    20  nrfx_clock.o(i.nrfx_clock_lfclk_stop)
    nrfx_pdm_buffer_set                      0x0002a039   Thumb Code   130  nrfx_pdm.o(i.nrfx_pdm_buffer_set)
    nrfx_pdm_init                            0x0002a0c9   Thumb Code   212  nrfx_pdm.o(i.nrfx_pdm_init)
    nrfx_pdm_start                           0x0002a1ad   Thumb Code    42  nrfx_pdm.o(i.nrfx_pdm_start)
    nrfx_pdm_stop                            0x0002a1dd   Thumb Code    48  nrfx_pdm.o(i.nrfx_pdm_stop)
    nrfx_uart_tx                             0x0002a219   Thumb Code   160  nrfx_uart.o(i.nrfx_uart_tx)
    nrfx_uart_tx_in_progress                 0x0002a2bd   Thumb Code    26  nrfx_uart.o(i.nrfx_uart_tx_in_progress)
    nrfx_uarte_tx                            0x0002a2dd   Thumb Code   138  nrfx_uarte.o(i.nrfx_uarte_tx)
    nrfx_uarte_tx_in_progress                0x0002a36d   Thumb Code    22  nrfx_uarte.o(i.nrfx_uarte_tx_in_progress)
    pdm_buffer_handler                       0x0002a6a1   Thumb Code   112  main.o(i.pdm_buffer_handler)
    pdm_handle_data                          0x0002a721   Thumb Code   154  main.o(i.pdm_handle_data)
    queueInit                                0x0002a8c5   Thumb Code    38  queue.o(i.queueInit)
    nrf_log_backend_rtt_api                  0x0002b258   Data          12  nrf_log_backend_rtt.o(.constdata)
    m_ram_start                              0x0002b2fc   Data           4  nrf_sdh_ble.o(.constdata)
    __ctype_table                            0x0002b328   Data         129  ctype_o.o(.constdata)
    Region$$Table$$Base                      0x0002bb00   Number         0  anon$$obj.o(Region$$Table)
    Region$$Table$$Limit                     0x0002bb20   Number         0  anon$$obj.o(Region$$Table)
    log_const_data$$Base                     0x0002bb30   Number         0  nrf_ble_gatt.o(log_const_data)
    m_nrf_log_nrf_ble_gatt_logs_data_const   0x0002bb30   Data           8  nrf_ble_gatt.o(log_const_data)
    m_nrf_log_ble_nus_logs_data_const        0x0002bb38   Data           8  ble_nus.o(log_const_data)
    m_nrf_log_clock_logs_data_const          0x0002bb40   Data           8  nrf_drv_clock.o(log_const_data)
    m_nrf_log_CLOCK_logs_data_const          0x0002bb48   Data           8  nrfx_clock.o(log_const_data)
    m_nrf_log_GPIOTE_logs_data_const         0x0002bb50   Data           8  nrfx_gpiote.o(log_const_data)
    m_nrf_log_PRS_logs_data_const            0x0002bb58   Data           8  nrfx_prs.o(log_const_data)
    m_nrf_log_UART_logs_data_const           0x0002bb60   Data           8  nrfx_uart.o(log_const_data)
    m_nrf_log_UARTE_logs_data_const          0x0002bb68   Data           8  nrfx_uarte.o(log_const_data)
    m_nrf_log_PDM_logs_data_const            0x0002bb70   Data           8  nrfx_pdm.o(log_const_data)
    m_nrf_log_pwr_mgmt_logs_data_const       0x0002bb78   Data           8  nrf_pwr_mgmt.o(log_const_data)
    m_nrf_log_app_logs_data_const            0x0002bb80   Data           8  nrf_log_frontend.o(log_const_data)
    m_nrf_log_nrf_sdh_logs_data_const        0x0002bb88   Data           8  nrf_sdh.o(log_const_data)
    m_nrf_log_nrf_sdh_ble_logs_data_const    0x0002bb90   Data           8  nrf_sdh_ble.o(log_const_data)
    m_nrf_log_nrf_sdh_soc_logs_data_const    0x0002bb98   Data           8  nrf_sdh_soc.o(log_const_data)
    log_const_data$$Limit                    0x0002bba0   Number         0  nrf_sdh_soc.o(log_const_data)
    log_mempool                              0x0002bba0   Data          20  nrf_log_frontend.o(nrf_balloc)
    sdh_ble_observers0$$Base                 0x0002bbb4   Number         0  ble_conn_state.o(sdh_ble_observers0)
    sdh_ble_observers0$$Limit                0x0002bbbc   Number         0  ble_conn_state.o(sdh_ble_observers0)
    sdh_ble_observers1$$Base                 0x0002bbbc   Number         0  main.o(sdh_ble_observers1)
    sdh_ble_observers1$$Limit                0x0002bbdc   Number         0  ble_conn_params.o(sdh_ble_observers1)
    sdh_ble_observers2$$Base                 0x0002bbdc   Number         0  main.o(sdh_ble_observers2)
    sdh_ble_observers2$$Limit                0x0002bbec   Number         0  main.o(sdh_ble_observers2)
    sdh_ble_observers3$$Base                 0x0002bbec   Number         0  main.o(sdh_ble_observers3)
    sdh_ble_observers3$$Limit                0x0002bbf4   Number         0  main.o(sdh_ble_observers3)
    sdh_soc_observers0$$Base                 0x0002bbf4   Number         0  nrf_drv_clock.o(sdh_soc_observers0)
    sdh_soc_observers0$$Limit                0x0002bbfc   Number         0  nrf_drv_clock.o(sdh_soc_observers0)
    sdh_soc_observers1$$Base                 0x0002bbfc   Number         0  main.o(sdh_soc_observers1)
    sdh_soc_observers1$$Limit                0x0002bc04   Number         0  main.o(sdh_soc_observers1)
    sdh_stack_observers0$$Base               0x0002bc04   Number         0  nrf_sdh_ble.o(sdh_stack_observers0)
    sdh_stack_observers0$$Limit              0x0002bc14   Number         0  nrf_sdh_soc.o(sdh_stack_observers0)
    sdh_state_observers0$$Base               0x0002bc14   Number         0  nrf_drv_clock.o(sdh_state_observers0)
    sdh_state_observers0$$Limit              0x0002bc1c   Number         0  nrf_drv_clock.o(sdh_state_observers0)
    Image$$RW_IRAM1$$Base                    0x20002a98   Number         0  anon$$obj.o ABSOLUTE
    writeIndexOld                            0x20002aa0   Data           1  main.o(.data)
    writeData2QueueStatus                    0x20002aa1   Data           1  main.o(.data)
    ble_status                               0x20002aa4   Data           1  main.o(.data)
    deltaTime                                0x20002ab0   Data           4  main.o(.data)
    count                                    0x20002ab4   Data           4  main.o(.data)
    timeStart                                0x20002abc   Data           4  main.o(.data)
    timeEnd                                  0x20002ac0   Data           4  main.o(.data)
    pdm_for_test                             0x20002ae0   Data          12  main.o(.data)
    writeIndex                               0x20002af0   Data           1  queue.o(.data)
    readIndex                                0x20002af1   Data           1  queue.o(.data)
    nrf_drv_uart_use_easy_dma                0x20002b14   Data           2  nrf_drv_uart.o(.data)
    SystemCoreClock                          0x20002bd0   Data           4  system_nrf52840.o(.data)
    pdm_buffer                               0x20002e4c   Data         200  main.o(.bss)
    ble_buffer                               0x20002f14   Data         200  main.o(.bss)
    queue                                    0x20002fdc   Data        2020  queue.o(.bss)
    nrf_nvic_state                           0x20003b08   Data          12  app_util_platform.o(.bss)
    _SEGGER_RTT                              0x200040dc   Data         120  segger_rtt.o(.bss)
    __initial_sp                             0x20006368   Data           0  arm_startup_nrf52840.o(STACK)



==============================================================================

Memory Map of the image

  Image Entry point : 0x00026201

  Load Region LR_IROM1 (Base: 0x00026000, Size: 0x00005d58, Max: 0x000da000, ABSOLUTE, COMPRESSED[0x00005c74])

    Execution Region ER_IROM1 (Exec base: 0x00026000, Load base: 0x00026000, Size: 0x00005c1c, Max: 0x000da000, ABSOLUTE)

    Exec Addr    Load Addr    Size         Type   Attr      Idx    E Section Name        Object

    0x00026000   0x00026000   0x00000200   Data   RO         5088    RESET               arm_startup_nrf52840.o
    0x00026200   0x00026200   0x00000000   Code   RO         5129  * .ARM.Collect$$$$00000000  mc_w.l(entry.o)
    0x00026200   0x00026200   0x00000004   Code   RO         5176    .ARM.Collect$$$$00000001  mc_w.l(entry2.o)
    0x00026204   0x00026204   0x00000004   Code   RO         5179    .ARM.Collect$$$$00000004  mc_w.l(entry5.o)
    0x00026208   0x00026208   0x00000000   Code   RO         5181    .ARM.Collect$$$$00000008  mc_w.l(entry7b.o)
    0x00026208   0x00026208   0x00000000   Code   RO         5183    .ARM.Collect$$$$0000000A  mc_w.l(entry8b.o)
    0x00026208   0x00026208   0x00000008   Code   RO         5184    .ARM.Collect$$$$0000000B  mc_w.l(entry9a.o)
    0x00026210   0x00026210   0x00000004   Code   RO         5191    .ARM.Collect$$$$0000000E  mc_w.l(entry12b.o)
    0x00026214   0x00026214   0x00000000   Code   RO         5186    .ARM.Collect$$$$0000000F  mc_w.l(entry10a.o)
    0x00026214   0x00026214   0x00000000   Code   RO         5188    .ARM.Collect$$$$00000011  mc_w.l(entry11a.o)
    0x00026214   0x00026214   0x00000004   Code   RO         5177    .ARM.Collect$$$$00002712  mc_w.l(entry2.o)
    0x00026218   0x00026218   0x000000e2   Code   RO         3672    .emb_text           nrf_atomic.o
    0x000262fa   0x000262fa   0x00000002   PAD
    0x000262fc   0x000262fc   0x00000024   Code   RO         5089    .text               arm_startup_nrf52840.o
    0x00026320   0x00026320   0x00000062   Code   RO         5132    .text               mc_w.l(uldiv.o)
    0x00026382   0x00026382   0x0000001e   Code   RO         5134    .text               mc_w.l(llshl.o)
    0x000263a0   0x000263a0   0x00000008   Code   RO         5136    .text               mc_w.l(ctype_o.o)
    0x000263a8   0x000263a8   0x00000024   Code   RO         5164    .text               mc_w.l(memcpya.o)
    0x000263cc   0x000263cc   0x00000024   Code   RO         5166    .text               mc_w.l(memseta.o)
    0x000263f0   0x000263f0   0x0000000e   Code   RO         5168    .text               mc_w.l(strlen.o)
    0x000263fe   0x000263fe   0x00000012   Code   RO         5172    .text               mc_w.l(strcpy.o)
    0x00026410   0x00026410   0x00000020   Code   RO         5192    .text               mc_w.l(llushr.o)
    0x00026430   0x00026430   0x00000024   Code   RO         5194    .text               mc_w.l(init.o)
    0x00026454   0x00026454   0x00000056   Code   RO         5204    .text               mc_w.l(__dczerorl2.o)
    0x000264aa   0x000264aa   0x00000002   PAD
    0x000264ac   0x000264ac   0x000001b4   Code   RO         2019    i.GPIOTE_IRQHandler  nrfx_gpiote.o
    0x00026660   0x00026660   0x00000016   Code   RO         3161    i.NVIC_ClearPendingIRQ  app_timer.o
    0x00026676   0x00026676   0x00000016   Code   RO         3162    i.NVIC_EnableIRQ    app_timer.o
    0x0002668c   0x0002668c   0x00000016   Code   RO         3163    i.NVIC_SetPendingIRQ  app_timer.o
    0x000266a2   0x000266a2   0x00000020   Code   RO         3164    i.NVIC_SetPriority  app_timer.o
    0x000266c2   0x000266c2   0x00000002   PAD
    0x000266c4   0x000266c4   0x000000ec   Code   RO         2761    i.PDM_IRQHandler    nrfx_pdm.o
    0x000267b0   0x000267b0   0x00000058   Code   RO         1884    i.POWER_CLOCK_IRQHandler  nrfx_clock.o
    0x00026808   0x00026808   0x00000024   Code   RO         3165    i.RTC1_IRQHandler   app_timer.o
    0x0002682c   0x0002682c   0x00000004   Code   RO         4628    i.SEGGER_RTT_Init   segger_rtt.o
    0x00026830   0x00026830   0x0000005c   Code   RO         4642    i.SEGGER_RTT_WriteNoLock  segger_rtt.o
    0x0002688c   0x0002688c   0x00000004   Code   RO         3166    i.SWI0_EGU0_IRQHandler  app_timer.o
    0x00026890   0x00026890   0x00000004   Code   RO         4879    i.SWI2_EGU2_IRQHandler  nrf_sdh.o
    0x00026894   0x00026894   0x000001dc   Code   RO         5097    i.SystemInit        system_nrf52840.o
    0x00026a70   0x00026a70   0x0000000c   Code   RO         2341    i.UARTE0_UART0_IRQHandler  nrfx_prs.o
    0x00026a7c   0x00026a7c   0x00000068   Code   RO         4646    i._DoInit           segger_rtt.o
    0x00026ae4   0x00026ae4   0x00000016   Code   RO         4647    i._GetAvailWriteSpace  segger_rtt.o
    0x00026afa   0x00026afa   0x0000001a   Code   RO         2762    i._NRFX_IRQ_ENABLE  nrfx_pdm.o
    0x00026b14   0x00026b14   0x0000005a   Code   RO         4649    i._WriteBlocking    segger_rtt.o
    0x00026b6e   0x00026b6e   0x00000042   Code   RO         4650    i._WriteNoCheck     segger_rtt.o
    0x00026bb0   0x00026bb0   0x0000000e   Code   RO         5198    i.__scatterload_copy  mc_w.l(handlers.o)
    0x00026bbe   0x00026bbe   0x00000002   Code   RO         5199    i.__scatterload_null  mc_w.l(handlers.o)
    0x00026bc0   0x00026bc0   0x0000000e   Code   RO         5200    i.__scatterload_zeroinit  mc_w.l(handlers.o)
    0x00026bce   0x00026bce   0x00000002   PAD
    0x00026bd0   0x00026bd0   0x00000024   Code   RO         4880    i.__sd_nvic_app_accessible_irq  nrf_sdh.o
    0x00026bf4   0x00026bf4   0x00000036   Code   RO          774    i.advertising_buttons_configure  bsp_btn_ble.o
    0x00026c2a   0x00026c2a   0x00000002   PAD
    0x00026c2c   0x00026c2c   0x00000084   Code   RO         2994    i.app_error_fault_handler  app_error_weak.o
    0x00026cb0   0x00026cb0   0x00000016   Code   RO         2934    i.app_error_handler_bare  app_error.o
    0x00026cc6   0x00026cc6   0x00000016   Code   RO         3038    i.app_fifo_get      app_fifo.o
    0x00026cdc   0x00026cdc   0x0000001a   Code   RO         3041    i.app_fifo_put      app_fifo.o
    0x00026cf6   0x00026cf6   0x00000002   PAD
    0x00026cf8   0x00026cf8   0x0000000c   Code   RO         3168    i.app_timer_cnt_get  app_timer.o
    0x00026d04   0x00026d04   0x00000028   Code   RO         3169    i.app_timer_create  app_timer.o
    0x00026d2c   0x00026d2c   0x00000054   Code   RO         3170    i.app_timer_init    app_timer.o
    0x00026d80   0x00026d80   0x00000088   Code   RO         3173    i.app_timer_start   app_timer.o
    0x00026e08   0x00026e08   0x00000020   Code   RO         3174    i.app_timer_stop    app_timer.o
    0x00026e28   0x00026e28   0x00000054   Code   RO         3338    i.app_uart_put      app_uart_fifo.o
    0x00026e7c   0x00026e7c   0x00000048   Code   RO         3420    i.app_util_critical_region_enter  app_util_platform.o
    0x00026ec4   0x00026ec4   0x00000034   Code   RO         3421    i.app_util_critical_region_exit  app_util_platform.o
    0x00026ef8   0x00026ef8   0x00000048   Code   RO         1387    i.blcm_link_ctx_get  ble_link_ctx_manager.o
    0x00026f40   0x00026f40   0x00000020   Code   RO            6    i.bleCheckStatus2enablePdm  main.o
    0x00026f60   0x00026f60   0x00000182   Code   RO          928    i.ble_advdata_encode  ble_advdata.o
    0x000270e2   0x000270e2   0x00000020   Code   RO          930    i.ble_advdata_parse  ble_advdata.o
    0x00027102   0x00027102   0x00000038   Code   RO          931    i.ble_advdata_search  ble_advdata.o
    0x0002713a   0x0002713a   0x00000006   Code   RO         1038    i.ble_advertising_conn_cfg_tag_set  ble_advertising.o
    0x00027140   0x00027140   0x0000010c   Code   RO         1039    i.ble_advertising_init  ble_advertising.o
    0x0002724c   0x0002724c   0x0000006a   Code   RO         1041    i.ble_advertising_on_ble_evt  ble_advertising.o
    0x000272b6   0x000272b6   0x00000002   Code   RO         1042    i.ble_advertising_on_sys_evt  ble_advertising.o
    0x000272b8   0x000272b8   0x0000022c   Code   RO         1045    i.ble_advertising_start  ble_advertising.o
    0x000274e4   0x000274e4   0x00000068   Code   RO         1146    i.ble_conn_params_init  ble_conn_params.o
    0x0002754c   0x0002754c   0x00000012   Code   RO         1230    i.ble_conn_state_conn_idx  ble_conn_state.o
    0x0002755e   0x0002755e   0x00000002   PAD
    0x00027560   0x00027560   0x00000014   Code   RO         1243    i.ble_conn_state_valid  ble_conn_state.o
    0x00027574   0x00027574   0x00000060   Code   RO          934    i.ble_device_addr_encode  ble_advdata.o
    0x000275d4   0x000275d4   0x000000e0   Code   RO            7    i.ble_evt_handler   main.o
    0x000276b4   0x000276b4   0x00000070   Code   RO          775    i.ble_evt_handler   bsp_btn_ble.o
    0x00027724   0x00027724   0x000000fc   Code   RO         1148    i.ble_evt_handler   ble_conn_params.o
    0x00027820   0x00027820   0x00000104   Code   RO         1244    i.ble_evt_handler   ble_conn_state.o
    0x00027924   0x00027924   0x00000066   Code   RO         1622    i.ble_nus_data_send  ble_nus.o
    0x0002798a   0x0002798a   0x00000002   PAD
    0x0002798c   0x0002798c   0x000000d4   Code   RO         1623    i.ble_nus_init      ble_nus.o
    0x00027a60   0x00027a60   0x00000072   Code   RO         1624    i.ble_nus_on_ble_evt  ble_nus.o
    0x00027ad2   0x00027ad2   0x00000008   Code   RO         1416    i.ble_srv_is_notification_enabled  ble_srv_common.o
    0x00027ada   0x00027ada   0x00000002   PAD
    0x00027adc   0x00027adc   0x0000002c   Code   RO          498    i.bsp_board_led_invert  boards.o
    0x00027b08   0x00027b08   0x00000010   Code   RO          499    i.bsp_board_led_off  boards.o
    0x00027b18   0x00027b18   0x00000010   Code   RO          500    i.bsp_board_led_on  boards.o
    0x00027b28   0x00027b28   0x00000028   Code   RO          501    i.bsp_board_led_state_get  boards.o
    0x00027b50   0x00027b50   0x00000012   Code   RO          502    i.bsp_board_leds_off  boards.o
    0x00027b62   0x00027b62   0x00000012   Code   RO          503    i.bsp_board_leds_on  boards.o
    0x00027b74   0x00027b74   0x00000024   Code   RO          504    i.bsp_board_pin_to_button_idx  boards.o
    0x00027b98   0x00027b98   0x00000090   Code   RO          652    i.bsp_button_event_handler  bsp.o
    0x00027c28   0x00027c28   0x00000044   Code   RO          656    i.bsp_event_to_button_action_assign  bsp.o
    0x00027c6c   0x00027c6c   0x00000018   Code   RO          657    i.bsp_indication_set  bsp.o
    0x00027c84   0x00027c84   0x000001c8   Code   RO          659    i.bsp_led_indication  bsp.o
    0x00027e4c   0x00027e4c   0x00000090   Code   RO         4383    i.buf_prealloc      nrf_log_frontend.o
    0x00027edc   0x00027edc   0x0000001e   Code   RO         3884    i.buffer_add        nrf_fprintf_format.o
    0x00027efa   0x00027efa   0x00000002   PAD
    0x00027efc   0x00027efc   0x00000014   Code   RO         4384    i.buffer_is_empty   nrf_log_frontend.o
    0x00027f10   0x00027f10   0x00000010   Code   RO         2022    i.channel_port_get  nrfx_gpiote.o
    0x00027f20   0x00027f20   0x00000190   Code   RO         1418    i.characteristic_add  ble_srv_common.o
    0x000280b0   0x000280b0   0x00000028   Code   RO         1683    i.clock_clk_started_notify  nrf_drv_clock.o
    0x000280d8   0x000280d8   0x0000001c   Code   RO         1684    i.clock_irq_handler  nrf_drv_clock.o
    0x000280f4   0x000280f4   0x000000ac   Code   RO         3176    i.compare_reg_update  app_timer.o
    0x000281a0   0x000281a0   0x0000003e   Code   RO         1245    i.conn_handle_list_get  ble_conn_state.o
    0x000281de   0x000281de   0x00000088   Code   RO          935    i.conn_int_encode   ble_advdata.o
    0x00028266   0x00028266   0x00000004   Code   RO            9    i.conn_params_error_handler  main.o
    0x0002826a   0x0002826a   0x00000002   PAD
    0x0002826c   0x0002826c   0x00000048   Code   RO         1149    i.conn_params_negotiation  ble_conn_params.o
    0x000282b4   0x000282b4   0x00000026   Code   RO           10    i.convertPDM2Ble    main.o
    0x000282da   0x000282da   0x00000002   PAD
    0x000282dc   0x000282dc   0x000000c0   Code   RO         1476    i.data_length_update  nrf_ble_gatt.o
    0x0002839c   0x0002839c   0x00000014   Code   RO         4385    i.dropped_sat16_get  nrf_log_frontend.o
    0x000283b0   0x000283b0   0x00000040   Code   RO         3177    i.elapsed_ticks_acquire  app_timer.o
    0x000283f0   0x000283f0   0x00000014   Code   RO         3044    i.fifo_get          app_fifo.o
    0x00028404   0x00028404   0x00000012   Code   RO         3045    i.fifo_put          app_fifo.o
    0x00028416   0x00028416   0x00000028   Code   RO         1047    i.flags_set         ble_advertising.o
    0x0002843e   0x0002843e   0x00000002   PAD
    0x00028440   0x00028440   0x0000005c   Code   RO           11    i.gatt_evt_handler  main.o
    0x0002849c   0x0002849c   0x00000030   Code   RO           12    i.gatt_init         main.o
    0x000284cc   0x000284cc   0x00000014   Code   RO         1150    i.instance_get      ble_conn_params.o
    0x000284e0   0x000284e0   0x000000a6   Code   RO         3885    i.int_print         nrf_fprintf_format.o
    0x00028586   0x00028586   0x00000034   Code   RO         4386    i.invalid_packets_omit  nrf_log_frontend.o
    0x000285ba   0x000285ba   0x00000044   Code   RO         1151    i.is_conn_params_ok  ble_conn_params.o
    0x000285fe   0x000285fe   0x00000002   PAD
    0x00028600   0x00028600   0x00000030   Code   RO          663    i.leds_off          bsp.o
    0x00028630   0x00028630   0x00000018   Code   RO         1477    i.link_init         nrf_ble_gatt.o
    0x00028648   0x00028648   0x000000f8   Code   RO         3178    i.list_insertions_handler  app_timer.o
    0x00028740   0x00028740   0x0000009c   Code   RO         4387    i.log_skip          nrf_log_frontend.o
    0x000287dc   0x000287dc   0x00000218   Code   RO           13    i.main              main.o
    0x000289f4   0x000289f4   0x00000064   Code   RO          936    i.manuf_specific_data_encode  ble_advdata.o
    0x00028a58   0x00028a58   0x0000007e   Code   RO         3924    i.memobj_op         nrf_memobj.o
    0x00028ad6   0x00028ad6   0x00000002   PAD
    0x00028ad8   0x00028ad8   0x00000030   Code   RO         4388    i.module_idx_get    nrf_log_frontend.o
    0x00028b08   0x00028b08   0x000000a6   Code   RO          937    i.name_encode       ble_advdata.o
    0x00028bae   0x00028bae   0x00000016   Code   RO         3606    i.nrf_atflags_clear  nrf_atflags.o
    0x00028bc4   0x00028bc4   0x00000016   Code   RO         3611    i.nrf_atflags_get   nrf_atflags.o
    0x00028bda   0x00028bda   0x00000014   Code   RO         3613    i.nrf_atflags_set   nrf_atflags.o
    0x00028bee   0x00028bee   0x00000006   Code   RO         3674    i.nrf_atomic_flag_clear_fetch  nrf_atomic.o
    0x00028bf4   0x00028bf4   0x00000006   Code   RO         3675    i.nrf_atomic_flag_set  nrf_atomic.o
    0x00028bfa   0x00028bfa   0x0000000c   Code   RO         3677    i.nrf_atomic_u32_add  nrf_atomic.o
    0x00028c06   0x00028c06   0x0000000c   Code   RO         3678    i.nrf_atomic_u32_and  nrf_atomic.o
    0x00028c12   0x00028c12   0x0000000a   Code   RO         3681    i.nrf_atomic_u32_fetch_and  nrf_atomic.o
    0x00028c1c   0x00028c1c   0x0000000a   Code   RO         3683    i.nrf_atomic_u32_fetch_store  nrf_atomic.o
    0x00028c26   0x00028c26   0x0000000c   Code   RO         3687    i.nrf_atomic_u32_or  nrf_atomic.o
    0x00028c32   0x00028c32   0x0000000c   Code   RO         3689    i.nrf_atomic_u32_sub  nrf_atomic.o
    0x00028c3e   0x00028c3e   0x00000044   Code   RO         3808    i.nrf_balloc_alloc  nrf_balloc.o
    0x00028c82   0x00028c82   0x00000030   Code   RO         3809    i.nrf_balloc_free   nrf_balloc.o
    0x00028cb2   0x00028cb2   0x00000030   Code   RO         3810    i.nrf_balloc_init   nrf_balloc.o
    0x00028ce2   0x00028ce2   0x00000010   Code   RO         2023    i.nrf_bitmask_bit_is_set  nrfx_gpiote.o
    0x00028cf2   0x00028cf2   0x00000014   Code   RO         2024    i.nrf_bitmask_bit_set  nrfx_gpiote.o
    0x00028d06   0x00028d06   0x00000018   Code   RO         1479    i.nrf_ble_gatt_att_mtu_periph_set  nrf_ble_gatt.o
    0x00028d1e   0x00028d1e   0x00000022   Code   RO         1483    i.nrf_ble_gatt_init  nrf_ble_gatt.o
    0x00028d40   0x00028d40   0x00000150   Code   RO         1484    i.nrf_ble_gatt_on_ble_evt  nrf_ble_gatt.o
    0x00028e90   0x00028e90   0x00000016   Code   RO         1578    i.nrf_ble_qwr_conn_handle_assign  nrf_ble_qwr.o
    0x00028ea6   0x00028ea6   0x00000024   Code   RO         1579    i.nrf_ble_qwr_init  nrf_ble_qwr.o
    0x00028eca   0x00028eca   0x000000b6   Code   RO         1580    i.nrf_ble_qwr_on_ble_evt  nrf_ble_qwr.o
    0x00028f80   0x00028f80   0x0000000e   Code   RO         1885    i.nrf_clock_event_check  nrfx_clock.o
    0x00028f8e   0x00028f8e   0x00000010   Code   RO         1886    i.nrf_clock_event_clear  nrfx_clock.o
    0x00028f9e   0x00028f9e   0x00000002   PAD
    0x00028fa0   0x00028fa0   0x00000020   Code   RO           14    i.nrf_delay_ms      main.o
    0x00028fc0   0x00028fc0   0x00000038   Code   RO         1691    i.nrf_drv_clock_init  nrf_drv_clock.o
    0x00028ff8   0x00028ff8   0x00000030   Code   RO         1695    i.nrf_drv_clock_lfclk_release  nrf_drv_clock.o
    0x00029028   0x00029028   0x00000020   Code   RO         3340    i.nrf_drv_uart_tx   app_uart_fifo.o
    0x00029048   0x00029048   0x0000001a   Code   RO         3845    i.nrf_fprintf       nrf_fprintf.o
    0x00029062   0x00029062   0x00000018   Code   RO         3846    i.nrf_fprintf_buffer_flush  nrf_fprintf.o
    0x0002907a   0x0002907a   0x000001da   Code   RO         3886    i.nrf_fprintf_fmt   nrf_fprintf_format.o
    0x00029254   0x00029254   0x00000032   Code   RO         2763    i.nrf_gpio_cfg      nrfx_pdm.o
    0x00029286   0x00029286   0x00000030   Code   RO         2027    i.nrf_gpio_cfg_sense_set  nrfx_gpiote.o
    0x000292b6   0x000292b6   0x00000002   PAD
    0x000292b8   0x000292b8   0x0000001c   Code   RO           15    i.nrf_gpio_pin_port_decode  main.o
    0x000292d4   0x000292d4   0x0000001c   Code   RO          507    i.nrf_gpio_pin_port_decode  boards.o
    0x000292f0   0x000292f0   0x0000001c   Code   RO         2029    i.nrf_gpio_pin_port_decode  nrfx_gpiote.o
    0x0002930c   0x0002930c   0x0000001c   Code   RO         2764    i.nrf_gpio_pin_port_decode  nrfx_pdm.o
    0x00029328   0x00029328   0x00000026   Code   RO           16    i.nrf_gpio_pin_write  main.o
    0x0002934e   0x0002934e   0x00000026   Code   RO          508    i.nrf_gpio_pin_write  boards.o
    0x00029374   0x00029374   0x0000002c   Code   RO         2032    i.nrf_gpio_ports_read  nrfx_gpiote.o
    0x000293a0   0x000293a0   0x00000014   Code   RO         2033    i.nrf_gpiote_event_clear  nrfx_gpiote.o
    0x000293b4   0x000293b4   0x00000010   Code   RO         2034    i.nrf_gpiote_event_is_set  nrfx_gpiote.o
    0x000293c4   0x000293c4   0x0000005c   Code   RO         4389    i.nrf_log_backend_add  nrf_log_frontend.o
    0x00029420   0x00029420   0x00000002   Code   RO         4247    i.nrf_log_backend_rtt_flush  nrf_log_backend_rtt.o
    0x00029422   0x00029422   0x00000004   Code   RO         4248    i.nrf_log_backend_rtt_init  nrf_log_backend_rtt.o
    0x00029426   0x00029426   0x00000002   Code   RO         4249    i.nrf_log_backend_rtt_panic_set  nrf_log_backend_rtt.o
    0x00029428   0x00029428   0x00000018   Code   RO         4250    i.nrf_log_backend_rtt_put  nrf_log_backend_rtt.o
    0x00029440   0x00029440   0x000000c2   Code   RO         4313    i.nrf_log_backend_serial_put  nrf_log_backend_serial.o
    0x00029502   0x00029502   0x00000002   PAD
    0x00029504   0x00029504   0x00000030   Code   RO         4391    i.nrf_log_color_id_get  nrf_log_frontend.o
    0x00029534   0x00029534   0x0000001c   Code   RO         4347    i.nrf_log_default_backends_init  nrf_log_default_backends.o
    0x00029550   0x00029550   0x00000230   Code   RO         4392    i.nrf_log_frontend_dequeue  nrf_log_frontend.o
    0x00029780   0x00029780   0x00000008   Code   RO         4394    i.nrf_log_frontend_std_0  nrf_log_frontend.o
    0x00029788   0x00029788   0x0000000e   Code   RO         4395    i.nrf_log_frontend_std_1  nrf_log_frontend.o
    0x00029796   0x00029796   0x00000010   Code   RO         4396    i.nrf_log_frontend_std_2  nrf_log_frontend.o
    0x000297a6   0x000297a6   0x00000002   PAD
    0x000297a8   0x000297a8   0x000000ac   Code   RO         4569    i.nrf_log_hexdump_entry_process  nrf_log_str_formatter.o
    0x00029854   0x00029854   0x0000003c   Code   RO         4401    i.nrf_log_init      nrf_log_frontend.o
    0x00029890   0x00029890   0x00000014   Code   RO         4402    i.nrf_log_module_cnt_get  nrf_log_frontend.o
    0x000298a4   0x000298a4   0x0000001c   Code   RO         4405    i.nrf_log_module_name_get  nrf_log_frontend.o
    0x000298c0   0x000298c0   0x0000002c   Code   RO         4406    i.nrf_log_panic     nrf_log_frontend.o
    0x000298ec   0x000298ec   0x000000b6   Code   RO         4570    i.nrf_log_std_entry_process  nrf_log_str_formatter.o
    0x000299a2   0x000299a2   0x00000060   Code   RO         3925    i.nrf_memobj_alloc  nrf_memobj.o
    0x00029a02   0x00029a02   0x00000032   Code   RO         3926    i.nrf_memobj_free   nrf_memobj.o
    0x00029a34   0x00029a34   0x00000008   Code   RO         3927    i.nrf_memobj_get    nrf_memobj.o
    0x00029a3c   0x00029a3c   0x00000004   Code   RO         3928    i.nrf_memobj_pool_init  nrf_memobj.o
    0x00029a40   0x00029a40   0x0000001e   Code   RO         3929    i.nrf_memobj_put    nrf_memobj.o
    0x00029a5e   0x00029a5e   0x00000010   Code   RO         3930    i.nrf_memobj_read   nrf_memobj.o
    0x00029a6e   0x00029a6e   0x00000010   Code   RO         3931    i.nrf_memobj_write  nrf_memobj.o
    0x00029a7e   0x00029a7e   0x00000002   PAD
    0x00029a80   0x00029a80   0x00000010   Code   RO         2765    i.nrf_pdm_event_check  nrfx_pdm.o
    0x00029a90   0x00029a90   0x00000014   Code   RO         2766    i.nrf_pdm_event_clear  nrfx_pdm.o
    0x00029aa4   0x00029aa4   0x00000028   Code   RO         4003    i.nrf_pwr_mgmt_init  nrf_pwr_mgmt.o
    0x00029acc   0x00029acc   0x00000044   Code   RO         4004    i.nrf_pwr_mgmt_run  nrf_pwr_mgmt.o
    0x00029b10   0x00029b10   0x00000004   Code   RO           17    i.nrf_qwr_error_handler  main.o
    0x00029b14   0x00029b14   0x0000001c   Code   RO         4083    i.nrf_ringbuf_init  nrf_ringbuf.o
    0x00029b30   0x00029b30   0x00000014   Code   RO         5000    i.nrf_sdh_ble_app_ram_start_get  nrf_sdh_ble.o
    0x00029b44   0x00029b44   0x00000130   Code   RO         5001    i.nrf_sdh_ble_default_cfg_set  nrf_sdh_ble.o
    0x00029c74   0x00029c74   0x00000130   Code   RO         5002    i.nrf_sdh_ble_enable  nrf_sdh_ble.o
    0x00029da4   0x00029da4   0x00000060   Code   RO         5003    i.nrf_sdh_ble_evts_poll  nrf_sdh_ble.o
    0x00029e04   0x00029e04   0x00000074   Code   RO         4882    i.nrf_sdh_enable_request  nrf_sdh.o
    0x00029e78   0x00029e78   0x00000024   Code   RO         4883    i.nrf_sdh_evts_poll  nrf_sdh.o
    0x00029e9c   0x00029e9c   0x0000000c   Code   RO         4884    i.nrf_sdh_is_enabled  nrf_sdh.o
    0x00029ea8   0x00029ea8   0x0000003c   Code   RO         5054    i.nrf_sdh_soc_evts_poll  nrf_sdh_soc.o
    0x00029ee4   0x00029ee4   0x0000000a   Code   RO         4141    i.nrf_section_iter_init  nrf_section_iter.o
    0x00029eee   0x00029eee   0x00000024   Code   RO         4142    i.nrf_section_iter_item_set  nrf_section_iter.o
    0x00029f12   0x00029f12   0x00000020   Code   RO         4143    i.nrf_section_iter_next  nrf_section_iter.o
    0x00029f32   0x00029f32   0x00000002   PAD
    0x00029f34   0x00029f34   0x00000038   Code   RO         4176    i.nrf_strerror_find  nrf_strerror.o
    0x00029f6c   0x00029f6c   0x00000014   Code   RO         4177    i.nrf_strerror_get  nrf_strerror.o
    0x00029f80   0x00029f80   0x0000000a   Code   RO         2402    i.nrf_uart_event_check  nrfx_uart.o
    0x00029f8a   0x00029f8a   0x0000000c   Code   RO         2403    i.nrf_uart_event_clear  nrfx_uart.o
    0x00029f96   0x00029f96   0x0000000a   Code   RO         2604    i.nrf_uarte_event_check  nrfx_uarte.o
    0x00029fa0   0x00029fa0   0x0000000c   Code   RO         2605    i.nrf_uarte_event_clear  nrfx_uarte.o
    0x00029fac   0x00029fac   0x00000030   Code   RO         1891    i.nrfx_clock_enable  nrfx_clock.o
    0x00029fdc   0x00029fdc   0x00000020   Code   RO         1894    i.nrfx_clock_init   nrfx_clock.o
    0x00029ffc   0x00029ffc   0x0000001c   Code   RO         1897    i.nrfx_clock_lfclk_stop  nrfx_clock.o
    0x0002a018   0x0002a018   0x00000010   Code   RO         3179    i.nrfx_coredep_delay_us  app_timer.o
    0x0002a028   0x0002a028   0x00000010   Code   RO         2606    i.nrfx_is_in_ram    nrfx_uarte.o
    0x0002a038   0x0002a038   0x00000090   Code   RO         2767    i.nrfx_pdm_buffer_set  nrfx_pdm.o
    0x0002a0c8   0x0002a0c8   0x000000e4   Code   RO         2768    i.nrfx_pdm_init     nrfx_pdm.o
    0x0002a1ac   0x0002a1ac   0x00000030   Code   RO         2769    i.nrfx_pdm_start    nrfx_pdm.o
    0x0002a1dc   0x0002a1dc   0x0000003c   Code   RO         2770    i.nrfx_pdm_stop     nrfx_pdm.o
    0x0002a218   0x0002a218   0x000000a4   Code   RO         2413    i.nrfx_uart_tx      nrfx_uart.o
    0x0002a2bc   0x0002a2bc   0x00000020   Code   RO         2415    i.nrfx_uart_tx_in_progress  nrfx_uart.o
    0x0002a2dc   0x0002a2dc   0x00000090   Code   RO         2613    i.nrfx_uarte_tx     nrfx_uarte.o
    0x0002a36c   0x0002a36c   0x0000001c   Code   RO         2615    i.nrfx_uarte_tx_in_progress  nrfx_uarte.o
    0x0002a388   0x0002a388   0x00000098   Code   RO           18    i.nus_data_handler  main.o
    0x0002a420   0x0002a420   0x0000001e   Code   RO           19    i.on_adv_evt        main.o
    0x0002a43e   0x0002a43e   0x00000002   PAD
    0x0002a440   0x0002a440   0x0000001c   Code   RO           20    i.on_conn_params_evt  main.o
    0x0002a45c   0x0002a45c   0x0000006a   Code   RO         1625    i.on_connect        ble_nus.o
    0x0002a4c6   0x0002a4c6   0x00000002   PAD
    0x0002a4c8   0x0002a4c8   0x000000a8   Code   RO         1485    i.on_connected_evt  nrf_ble_gatt.o
    0x0002a570   0x0002a570   0x000000ac   Code   RO         1486    i.on_exchange_mtu_request_evt  nrf_ble_gatt.o
    0x0002a61c   0x0002a61c   0x00000084   Code   RO         1626    i.on_write          ble_nus.o
    0x0002a6a0   0x0002a6a0   0x00000080   Code   RO           21    i.pdm_buffer_handler  main.o
    0x0002a720   0x0002a720   0x000000b8   Code   RO           22    i.pdm_handle_data   main.o
    0x0002a7d8   0x0002a7d8   0x00000016   Code   RO         1048    i.phy_is_valid      ble_advertising.o
    0x0002a7ee   0x0002a7ee   0x00000002   PAD
    0x0002a7f0   0x0002a7f0   0x0000003c   Code   RO         4572    i.postfix_process   nrf_log_str_formatter.o
    0x0002a82c   0x0002a82c   0x00000098   Code   RO         4573    i.prefix_process    nrf_log_str_formatter.o
    0x0002a8c4   0x0002a8c4   0x00000030   Code   RO          460    i.queueInit         queue.o
    0x0002a8f4   0x0002a8f4   0x0000003c   Code   RO         3180    i.rtc1_stop         app_timer.o
    0x0002a930   0x0002a930   0x00000050   Code   RO         1698    i.sd_state_evt_handler  nrf_drv_clock.o
    0x0002a980   0x0002a980   0x00000030   Code   RO         4889    i.sdh_request_observer_notify  nrf_sdh.o
    0x0002a9b0   0x0002a9b0   0x0000002c   Code   RO         4890    i.sdh_state_observer_notify  nrf_sdh.o
    0x0002a9dc   0x0002a9dc   0x00000010   Code   RO         1152    i.send_error_evt    ble_conn_params.o
    0x0002a9ec   0x0002a9ec   0x00000050   Code   RO         4251    i.serial_tx         nrf_log_backend_rtt.o
    0x0002aa3c   0x0002aa3c   0x00000088   Code   RO          938    i.service_data_encode  ble_advdata.o
    0x0002aac4   0x0002aac4   0x00000030   Code   RO         1420    i.set_security_req  ble_srv_common.o
    0x0002aaf4   0x0002aaf4   0x00000018   Code   RO         1699    i.soc_evt_handler   nrf_drv_clock.o
    0x0002ab0c   0x0002ab0c   0x00000058   Code   RO         4892    i.softdevices_evt_irq_enable  nrf_sdh.o
    0x0002ab64   0x0002ab64   0x0000008c   Code   RO         4408    i.std_n             nrf_log_frontend.o
    0x0002abf0   0x0002abf0   0x00000080   Code   RO         3181    i.timer_list_handler  app_timer.o
    0x0002ac70   0x0002ac70   0x0000003c   Code   RO         3182    i.timer_list_insert  app_timer.o
    0x0002acac   0x0002acac   0x00000060   Code   RO         3183    i.timer_list_remove  app_timer.o
    0x0002ad0c   0x0002ad0c   0x00000048   Code   RO         3184    i.timer_stop_op_schedule  app_timer.o
    0x0002ad54   0x0002ad54   0x00000074   Code   RO         3185    i.timer_timeouts_check  app_timer.o
    0x0002adc8   0x0002adc8   0x00000020   Code   RO         2420    i.tx_byte           nrfx_uart.o
    0x0002ade8   0x0002ade8   0x0000000a   Code   RO          939    i.uint16_encode     ble_advdata.o
    0x0002adf2   0x0002adf2   0x00000002   PAD
    0x0002adf4   0x0002adf4   0x000000b4   Code   RO         3887    i.unsigned_print    nrf_fprintf_format.o
    0x0002aea8   0x0002aea8   0x00000068   Code   RO         1153    i.update_timeout_handler  ble_conn_params.o
    0x0002af10   0x0002af10   0x00000018   Code   RO         1049    i.use_whitelist     ble_advertising.o
    0x0002af28   0x0002af28   0x00000024   Code   RO         1581    i.user_mem_reply    nrf_ble_qwr.o
    0x0002af4c   0x0002af4c   0x00000030   Code   RO         3186    i.user_op_alloc     app_timer.o
    0x0002af7c   0x0002af7c   0x00000030   Code   RO          940    i.uuid_list_encode  ble_advdata.o
    0x0002afac   0x0002afac   0x0000009e   Code   RO          941    i.uuid_list_sized_encode  ble_advdata.o
    0x0002b04a   0x0002b04a   0x00000006   PAD
    0x0002b050   0x0002b050   0x00000006   Data   RO           26    .constdata          main.o
    0x0002b056   0x0002b056   0x00000008   Data   RO          509    .constdata          boards.o
    0x0002b05e   0x0002b05e   0x00000002   PAD
    0x0002b060   0x0002b060   0x0000002c   Data   RO          670    .constdata          bsp.o
    0x0002b08c   0x0002b08c   0x00000016   Data   RO         1487    .constdata          nrf_ble_gatt.o
    0x0002b0a2   0x0002b0a2   0x00000002   PAD
    0x0002b0a4   0x0002b0a4   0x00000010   Data   RO         1627    .constdata          ble_nus.o
    0x0002b0b4   0x0002b0b4   0x00000008   Data   RO         2063    .constdata          nrfx_gpiote.o
    0x0002b0bc   0x0002b0bc   0x00000018   Data   RO         2773    .constdata          nrfx_pdm.o
    0x0002b0d4   0x0002b0d4   0x0000000c   PAD
    0x0002b0e0   0x0002b0e0   0x00000006   Data   RO         3188    .constdata          app_timer.o
    0x0002b0e6   0x0002b0e6   0x00000010   Data   RO         3888    .constdata          nrf_fprintf_format.o
    0x0002b0f6   0x0002b0f6   0x00000002   PAD
    0x0002b0f8   0x0002b0f8   0x00000018   Data   RO         4008    .constdata          nrf_pwr_mgmt.o
    0x0002b110   0x0002b110   0x0000000c   Data   RO         4009    .constdata          nrf_pwr_mgmt.o
    0x0002b11c   0x0002b11c   0x0000013c   Data   RO         4178    .constdata          nrf_strerror.o
    0x0002b258   0x0002b258   0x0000000c   Data   RO         4253    .constdata          nrf_log_backend_rtt.o
    0x0002b264   0x0002b264   0x0000000c   PAD
    0x0002b270   0x0002b270   0x00000006   Data   RO         4254    .constdata          nrf_log_backend_rtt.o
    0x0002b276   0x0002b276   0x00000002   PAD
    0x0002b278   0x0002b278   0x0000000c   Data   RO         4413    .constdata          nrf_log_frontend.o
    0x0002b284   0x0002b284   0x00000010   Data   RO         4893    .constdata          nrf_sdh.o
    0x0002b294   0x0002b294   0x00000028   Data   RO         4894    .constdata          nrf_sdh.o
    0x0002b2bc   0x0002b2bc   0x00000010   Data   RO         4895    .constdata          nrf_sdh.o
    0x0002b2cc   0x0002b2cc   0x00000010   Data   RO         4896    .constdata          nrf_sdh.o
    0x0002b2dc   0x0002b2dc   0x00000020   Data   RO         5004    .constdata          nrf_sdh_ble.o
    0x0002b2fc   0x0002b2fc   0x00000010   Data   RO         5005    .constdata          nrf_sdh_ble.o
    0x0002b30c   0x0002b30c   0x00000010   Data   RO         5055    .constdata          nrf_sdh_soc.o
    0x0002b31c   0x0002b31c   0x0000000c   Data   RO         5056    .constdata          nrf_sdh_soc.o
    0x0002b328   0x0002b328   0x00000081   Data   RO         5137    .constdata          mc_w.l(ctype_o.o)
    0x0002b3a9   0x0002b3a9   0x00000003   PAD
    0x0002b3ac   0x0002b3ac   0x00000004   Data   RO         5138    .constdata          mc_w.l(ctype_o.o)
    0x0002b3b0   0x0002b3b0   0x000000a2   Data   RO         1488    .conststring        nrf_ble_gatt.o
    0x0002b452   0x0002b452   0x00000002   PAD
    0x0002b454   0x0002b454   0x000003eb   Data   RO         4179    .conststring        nrf_strerror.o
    0x0002b83f   0x0002b83f   0x00000001   PAD
    0x0002b840   0x0002b840   0x00000066   Data   RO         4574    .conststring        nrf_log_str_formatter.o
    0x0002b8a6   0x0002b8a6   0x00000002   PAD
    0x0002b8a8   0x0002b8a8   0x000001cf   Data   RO         5006    .conststring        nrf_sdh_ble.o
    0x0002ba77   0x0002ba77   0x00000001   PAD
    0x0002ba78   0x0002ba78   0x0000000d   Data   RO         1489    .conststrlit        nrf_ble_gatt.o
    0x0002ba85   0x0002ba85   0x00000003   PAD
    0x0002ba88   0x0002ba88   0x00000008   Data   RO         1628    .conststrlit        ble_nus.o
    0x0002ba90   0x0002ba90   0x00000006   Data   RO         1705    .conststrlit        nrf_drv_clock.o
    0x0002ba96   0x0002ba96   0x00000002   PAD
    0x0002ba98   0x0002ba98   0x00000006   Data   RO         1901    .conststrlit        nrfx_clock.o
    0x0002ba9e   0x0002ba9e   0x00000002   PAD
    0x0002baa0   0x0002baa0   0x00000007   Data   RO         2067    .conststrlit        nrfx_gpiote.o
    0x0002baa7   0x0002baa7   0x00000001   PAD
    0x0002baa8   0x0002baa8   0x00000004   Data   RO         2346    .conststrlit        nrfx_prs.o
    0x0002baac   0x0002baac   0x00000005   Data   RO         2428    .conststrlit        nrfx_uart.o
    0x0002bab1   0x0002bab1   0x00000003   PAD
    0x0002bab4   0x0002bab4   0x00000006   Data   RO         2624    .conststrlit        nrfx_uarte.o
    0x0002baba   0x0002baba   0x00000002   PAD
    0x0002babc   0x0002babc   0x00000004   Data   RO         2777    .conststrlit        nrfx_pdm.o
    0x0002bac0   0x0002bac0   0x00000009   Data   RO         4010    .conststrlit        nrf_pwr_mgmt.o
    0x0002bac9   0x0002bac9   0x00000003   PAD
    0x0002bacc   0x0002bacc   0x00000010   Data   RO         4348    .conststrlit        nrf_log_default_backends.o
    0x0002badc   0x0002badc   0x00000004   Data   RO         4414    .conststrlit        nrf_log_frontend.o
    0x0002bae0   0x0002bae0   0x00000008   Data   RO         4897    .conststrlit        nrf_sdh.o
    0x0002bae8   0x0002bae8   0x0000000c   Data   RO         5007    .conststrlit        nrf_sdh_ble.o
    0x0002baf4   0x0002baf4   0x0000000c   Data   RO         5057    .conststrlit        nrf_sdh_soc.o
    0x0002bb00   0x0002bb00   0x00000020   Data   RO         5196    Region$$Table       anon$$obj.o
    0x0002bb20   0x0002bb20   0x00000010   Data   RO         4350    log_backends        nrf_log_default_backends.o
    0x0002bb30   0x0002bb30   0x00000008   Data   RO         1490    log_const_data      nrf_ble_gatt.o
    0x0002bb38   0x0002bb38   0x00000008   Data   RO         1629    log_const_data      ble_nus.o
    0x0002bb40   0x0002bb40   0x00000008   Data   RO         1706    log_const_data      nrf_drv_clock.o
    0x0002bb48   0x0002bb48   0x00000008   Data   RO         1903    log_const_data      nrfx_clock.o
    0x0002bb50   0x0002bb50   0x00000008   Data   RO         2068    log_const_data      nrfx_gpiote.o
    0x0002bb58   0x0002bb58   0x00000008   Data   RO         2348    log_const_data      nrfx_prs.o
    0x0002bb60   0x0002bb60   0x00000008   Data   RO         2429    log_const_data      nrfx_uart.o
    0x0002bb68   0x0002bb68   0x00000008   Data   RO         2625    log_const_data      nrfx_uarte.o
    0x0002bb70   0x0002bb70   0x00000008   Data   RO         2778    log_const_data      nrfx_pdm.o
    0x0002bb78   0x0002bb78   0x00000008   Data   RO         4012    log_const_data      nrf_pwr_mgmt.o
    0x0002bb80   0x0002bb80   0x00000008   Data   RO         4417    log_const_data      nrf_log_frontend.o
    0x0002bb88   0x0002bb88   0x00000008   Data   RO         4899    log_const_data      nrf_sdh.o
    0x0002bb90   0x0002bb90   0x00000008   Data   RO         5009    log_const_data      nrf_sdh_ble.o
    0x0002bb98   0x0002bb98   0x00000008   Data   RO         5058    log_const_data      nrf_sdh_soc.o
    0x0002bba0   0x0002bba0   0x00000014   Data   RO         4418    nrf_balloc          nrf_log_frontend.o
    0x0002bbb4   0x0002bbb4   0x00000008   Data   RO         1249    sdh_ble_observers0  ble_conn_state.o
    0x0002bbbc   0x0002bbbc   0x00000010   Data   RO           33    sdh_ble_observers1  main.o
    0x0002bbcc   0x0002bbcc   0x00000008   Data   RO          779    sdh_ble_observers1  bsp_btn_ble.o
    0x0002bbd4   0x0002bbd4   0x00000008   Data   RO         1156    sdh_ble_observers1  ble_conn_params.o
    0x0002bbdc   0x0002bbdc   0x00000010   Data   RO           34    sdh_ble_observers2  main.o
    0x0002bbec   0x0002bbec   0x00000008   Data   RO           35    sdh_ble_observers3  main.o
    0x0002bbf4   0x0002bbf4   0x00000008   Data   RO         1707    sdh_soc_observers0  nrf_drv_clock.o
    0x0002bbfc   0x0002bbfc   0x00000008   Data   RO           36    sdh_soc_observers1  main.o
    0x0002bc04   0x0002bc04   0x00000008   Data   RO         5010    sdh_stack_observers0  nrf_sdh_ble.o
    0x0002bc0c   0x0002bc0c   0x00000008   Data   RO         5059    sdh_stack_observers0  nrf_sdh_soc.o
    0x0002bc14   0x0002bc14   0x00000008   Data   RO         1708    sdh_state_observers0  nrf_drv_clock.o


    Execution Region RW_IRAM1 (Exec base: 0x20002a98, Load base: 0x0002bc1c, Size: 0x000038d0, Max: 0x0003d568, ABSOLUTE, COMPRESSED[0x00000058])

    Exec Addr    Load Addr    Size         Type   Attr      Idx    E Section Name        Object

    0x20002a98   COMPRESSED   0x00000008   Data   RW           27    .data               main.o
    0x20002aa0   COMPRESSED   0x0000004c   Data   RW           28    .data               main.o
    0x20002aec   COMPRESSED   0x00000004   Data   RW           30    .data               main.o
    0x20002af0   COMPRESSED   0x00000002   Data   RW          464    .data               queue.o
    0x20002af2   COMPRESSED   0x00000002   PAD
    0x20002af4   COMPRESSED   0x00000010   Data   RW          671    .data               bsp.o
    0x20002b04   COMPRESSED   0x00000008   Data   RW          778    .data               bsp_btn_ble.o
    0x20002b0c   COMPRESSED   0x00000008   Data   RW         1155    .data               ble_conn_params.o
    0x20002b14   COMPRESSED   0x00000014   Data   RW         1835    .data               nrf_drv_uart.o
    0x20002b28   COMPRESSED   0x00000008   Data   RW         1902    .data               nrfx_clock.o
    0x20002b30   COMPRESSED   0x00000008   Data   RW         2347    .data               nrfx_prs.o
    0x20002b38   COMPRESSED   0x00000014   Data   RW         3189    .data               app_timer.o
    0x20002b4c   COMPRESSED   0x0000001c   Data   RW         3344    .data               app_uart_fifo.o
    0x20002b68   COMPRESSED   0x00000008   Data   RW         4011    .data               nrf_pwr_mgmt.o
    0x20002b70   COMPRESSED   0x00000001   Data   RW         4255    .data               nrf_log_backend_rtt.o
    0x20002b71   COMPRESSED   0x00000003   PAD
    0x20002b74   COMPRESSED   0x00000008   Data   RW         4349    .data               nrf_log_default_backends.o
    0x20002b7c   COMPRESSED   0x00000008   Data   RW         4415    .data               nrf_log_frontend.o
    0x20002b84   COMPRESSED   0x00000008   Data   RW         4416    .data               nrf_log_frontend.o
    0x20002b8c   COMPRESSED   0x00000040   Data   RW         4575    .data               nrf_log_str_formatter.o
    0x20002bcc   COMPRESSED   0x00000003   Data   RW         4898    .data               nrf_sdh.o
    0x20002bcf   COMPRESSED   0x00000001   Data   RW         5008    .data               nrf_sdh_ble.o
    0x20002bd0   COMPRESSED   0x00000004   Data   RW         5098    .data               system_nrf52840.o
    0x20002bd4        -       0x00000408   Zero   RW           24    .bss                main.o
    0x20002fdc        -       0x000007e4   Zero   RW          463    .bss                queue.o
    0x200037c0        -       0x00000020   Zero   RW          666    .bss                bsp.o
    0x200037e0        -       0x00000020   Zero   RW          667    .bss                bsp.o
    0x20003800        -       0x0000000c   Zero   RW          668    .bss                bsp.o
    0x2000380c        -       0x00000020   Zero   RW          669    .bss                bsp.o
    0x2000382c        -       0x00000050   Zero   RW         1154    .bss                ble_conn_params.o
    0x2000387c        -       0x00000078   Zero   RW         1248    .bss                ble_conn_state.o
    0x200038f4        -       0x00000014   Zero   RW         1700    .bss                nrf_drv_clock.o
    0x20003908        -       0x0000006c   Zero   RW         2062    .bss                nrfx_gpiote.o
    0x20003974        -       0x0000002c   Zero   RW         2423    .bss                nrfx_uart.o
    0x200039a0        -       0x00000024   Zero   RW         2619    .bss                nrfx_uarte.o
    0x200039c4        -       0x00000018   Zero   RW         2772    .bss                nrfx_pdm.o
    0x200039dc        -       0x0000010c   Zero   RW         3187    .bss                app_timer.o
    0x20003ae8        -       0x00000020   Zero   RW         3342    .bss                app_uart_fifo.o
    0x20003b08        -       0x0000000c   Zero   RW         3426    .bss                app_util_platform.o
    0x20003b14        -       0x0000000c   Zero   RW         4007    .bss                nrf_pwr_mgmt.o
    0x20003b20        -       0x00000040   Zero   RW         4252    .bss                nrf_log_backend_rtt.o
    0x20003b60        -       0x000000c0   Zero   RW         4409    .bss                nrf_log_frontend.o
    0x20003c20        -       0x00000080   Zero   RW         4410    .bss                nrf_log_frontend.o
    0x20003ca0        -       0x00000018   Zero   RW         4411    .bss                nrf_log_frontend.o
    0x20003cb8        -       0x00000424   Zero   RW         4412    .bss                nrf_log_frontend.o
    0x200040dc        -       0x00000288   Zero   RW         4651    .bss                segger_rtt.o
    0x20004364   COMPRESSED   0x00000004   PAD
    0x20004368        -       0x00002000   Zero   RW         5086    STACK               arm_startup_nrf52840.o


==============================================================================

Image component sizes


      Code (inc. data)   RO Data    RW Data    ZI Data      Debug   Object Name

        22          0          0          0          0       2477   app_error.o
       132         46          0          0          0      30625   app_error_weak.o
        86          0          0          0          0       4238   app_fifo.o
      1522        124          6         20        268      49191   app_timer.o
       116         20          0         28         32      19171   app_uart_fifo.o
       124         14          0          0         12       9610   app_util_platform.o
        36          8        512          0       8192        940   arm_startup_nrf52840.o
      1324          0          0          0          0      60088   ble_advdata.o
      1024          6          0          0          0      18892   ble_advertising.o
       636         44          8          8         80      12755   ble_conn_params.o
       360         10          8          0        120       6963   ble_conn_state.o
        72          0          0          0          0       2852   ble_link_ctx_manager.o
       666          6         32          0          0       8952   ble_nus.o
       456          6          0          0          0       3407   ble_srv_common.o
       254         32          8          0          0      86949   boards.o
       740         60         44         16        108      14977   bsp.o
       166          6          8          8          0      83000   bsp_btn_ble.o
      1598        268         54         88       1032     189116   main.o
        64          0          0          0          0       2980   nrf_atflags.o
       306          0          0          0          0       8071   nrf_atomic.o
       164          0          0          0          0       3648   nrf_balloc.o
       950        272        205          0          0      37417   nrf_ble_gatt.o
       276          0          0          0          0       6265   nrf_ble_qwr.o
       276         34         30          0         20      40040   nrf_drv_clock.o
         0          0          0         20          0      15436   nrf_drv_uart.o
        50          0          0          0          0       3613   nrf_fprintf.o
       850          4         16          0          0       5514   nrf_fprintf_format.o
       112         18         18          1         64       5665   nrf_log_backend_rtt.o
       194          0          0          0          0      10897   nrf_log_backend_serial.o
        28          4         32          8          0       3357   nrf_log_default_backends.o
      1470        114         44         16       1404      29842   nrf_log_frontend.o
       566        108        102         64          0       5668   nrf_log_str_formatter.o
       346          0          0          0          0       9643   nrf_memobj.o
       108         16         53          8         12      37746   nrf_pwr_mgmt.o
        28          0          0          0          0       2391   nrf_ringbuf.o
       384         46        104          3          0      39327   nrf_sdh.o
       724        232        539          1          0       5953   nrf_sdh_ble.o
        60          4         56          0          0       2480   nrf_sdh_soc.o
        78          0          0          0          0       2800   nrf_section_iter.o
        76         10       1319          0          0       2759   nrf_strerror.o
       226         30         14          8          0      41162   nrfx_clock.o
       644         34         23          0        108      20467   nrfx_gpiote.o
       856         74         36          0         24      47207   nrfx_pdm.o
        12          6         12          8          0       2142   nrfx_prs.o
       250         10         13          0         44      15999   nrfx_uart.o
       210         12         14          0         36      13942   nrfx_uarte.o
        48         10          0          2       2020       1861   queue.o
       378         34          0          0        648       9045   segger_rtt.o
       476         60          0          4          0       2375   system_nrf52840.o

    ----------------------------------------------------------------------
     19596       1782       3396        316      14228    1039915   Object Totals
         0          0         32          0          0          0   (incl. Generated)
        52          0         54          5          4          0   (incl. Padding)

    ----------------------------------------------------------------------

      Code (inc. data)   RO Data    RW Data    ZI Data      Debug   Library Member Name

        86          0          0          0          0          0   __dczerorl2.o
         8          4        133          0          0         68   ctype_o.o
         0          0          0          0          0          0   entry.o
         0          0          0          0          0          0   entry10a.o
         0          0          0          0          0          0   entry11a.o
         4          0          0          0          0          0   entry12b.o
         8          4          0          0          0          0   entry2.o
         4          0          0          0          0          0   entry5.o
         0          0          0          0          0          0   entry7b.o
         0          0          0          0          0          0   entry8b.o
         8          4          0          0          0          0   entry9a.o
        30          0          0          0          0          0   handlers.o
        36          8          0          0          0         68   init.o
        30          0          0          0          0         68   llshl.o
        32          0          0          0          0         68   llushr.o
        36          0          0          0          0         68   memcpya.o
        36          0          0          0          0        108   memseta.o
        18          0          0          0          0         68   strcpy.o
        14          0          0          0          0         68   strlen.o
        98          0          0          0          0         92   uldiv.o

    ----------------------------------------------------------------------
       452         20        136          0          0        676   Library Totals
         4          0          3          0          0          0   (incl. Padding)

    ----------------------------------------------------------------------

      Code (inc. data)   RO Data    RW Data    ZI Data      Debug   Library Name

       448         20        133          0          0        676   mc_w.l

    ----------------------------------------------------------------------
       452         20        136          0          0        676   Library Totals

    ----------------------------------------------------------------------

==============================================================================


      Code (inc. data)   RO Data    RW Data    ZI Data      Debug   

     20048       1802       3532        316      14228    1017067   Grand Totals
     20048       1802       3532         88      14228    1017067   ELF Image Totals (compressed)
     20048       1802       3532         88          0          0   ROM Totals

==============================================================================

    Total RO  Size (Code + RO Data)                23580 (  23.03kB)
    Total RW  Size (RW Data + ZI Data)             14544 (  14.20kB)
    Total ROM Size (Code + RO Data + RW Data)      23668 (  23.11kB)

==============================================================================

